Component: ARM Compiler 5.06 update 7 (build 960) Tool: armlink [4d3601]

==============================================================================

Section Cross References

    startup_stm32h743xx.o(STACK) refers (Special) to heapauxi.o(.text) for __use_two_region_memory
    startup_stm32h743xx.o(HEAP) refers (Special) to heapauxi.o(.text) for __use_two_region_memory
    startup_stm32h743xx.o(RESET) refers (Special) to heapauxi.o(.text) for __use_two_region_memory
    startup_stm32h743xx.o(RESET) refers to startup_stm32h743xx.o(STACK) for __initial_sp
    startup_stm32h743xx.o(RESET) refers to startup_stm32h743xx.o(.text) for Reset_Handler
    startup_stm32h743xx.o(RESET) refers to stm32h7xx_it.o(i.NMI_Handler) for NMI_Handler
    startup_stm32h743xx.o(RESET) refers to stm32h7xx_it.o(i.HardFault_Handler) for HardFault_Handler
    startup_stm32h743xx.o(RESET) refers to stm32h7xx_it.o(i.MemManage_Handler) for MemManage_Handler
    startup_stm32h743xx.o(RESET) refers to stm32h7xx_it.o(i.BusFault_Handler) for BusFault_Handler
    startup_stm32h743xx.o(RESET) refers to stm32h7xx_it.o(i.UsageFault_Handler) for UsageFault_Handler
    startup_stm32h743xx.o(RESET) refers to port.o(.emb_text) for SVC_Handler
    startup_stm32h743xx.o(RESET) refers to stm32h7xx_it.o(i.DebugMon_Handler) for DebugMon_Handler
    startup_stm32h743xx.o(RESET) refers to cmsis_os2.o(i.SysTick_Handler) for SysTick_Handler
    startup_stm32h743xx.o(RESET) refers to stm32h7xx_it.o(i.FDCAN1_IT0_IRQHandler) for FDCAN1_IT0_IRQHandler
    startup_stm32h743xx.o(RESET) refers to stm32h7xx_it.o(i.USART1_IRQHandler) for USART1_IRQHandler
    startup_stm32h743xx.o(RESET) refers to stm32h7xx_it.o(i.TIM7_IRQHandler) for TIM7_IRQHandler
    startup_stm32h743xx.o(.text) refers (Special) to heapauxi.o(.text) for __use_two_region_memory
    startup_stm32h743xx.o(.text) refers to system_stm32h7xx.o(i.ExitRun0Mode) for ExitRun0Mode
    startup_stm32h743xx.o(.text) refers to system_stm32h7xx.o(i.SystemInit) for SystemInit
    startup_stm32h743xx.o(.text) refers to __main.o(!!!main) for __main
    startup_stm32h743xx.o(.text) refers to startup_stm32h743xx.o(HEAP) for Heap_Mem
    startup_stm32h743xx.o(.text) refers to startup_stm32h743xx.o(STACK) for Stack_Mem
    main.o(i.HAL_TIM_PeriodElapsedCallback) refers to stm32h7xx_hal.o(i.HAL_IncTick) for HAL_IncTick
    main.o(i.SystemClock_Config) refers to rt_memclr_w.o(.text) for __aeabi_memclr4
    main.o(i.SystemClock_Config) refers to stm32h7xx_hal_pwr_ex.o(i.HAL_PWREx_ConfigSupply) for HAL_PWREx_ConfigSupply
    main.o(i.SystemClock_Config) refers to stm32h7xx_hal_rcc.o(i.HAL_RCC_OscConfig) for HAL_RCC_OscConfig
    main.o(i.SystemClock_Config) refers to stm32h7xx_hal_rcc.o(i.HAL_RCC_ClockConfig) for HAL_RCC_ClockConfig
    main.o(i.main) refers to stm32h7xx_hal_cortex.o(i.HAL_MPU_Disable) for HAL_MPU_Disable
    main.o(i.main) refers to stm32h7xx_hal_cortex.o(i.HAL_MPU_ConfigRegion) for HAL_MPU_ConfigRegion
    main.o(i.main) refers to stm32h7xx_hal_cortex.o(i.HAL_MPU_Enable) for HAL_MPU_Enable
    main.o(i.main) refers to stm32h7xx_hal.o(i.HAL_Init) for HAL_Init
    main.o(i.main) refers to main.o(i.SystemClock_Config) for SystemClock_Config
    main.o(i.main) refers to gpio.o(i.MX_GPIO_Init) for MX_GPIO_Init
    main.o(i.main) refers to fdcan.o(i.MX_FDCAN1_Init) for MX_FDCAN1_Init
    main.o(i.main) refers to usart.o(i.MX_USART1_UART_Init) for MX_USART1_UART_Init
    main.o(i.main) refers to fdcan_rxdispatcher.o(i.FDCAN_RxDispatcher_Reset) for FDCAN_RxDispatcher_Reset
    main.o(i.main) refers to myactuator_comm_port.o(i.MYACTUATOR_Comm_Init) for MYACTUATOR_Comm_Init
    main.o(i.main) refers to damiao_comm_port.o(i.DamiaoComm_Init) for DamiaoComm_Init
    main.o(i.main) refers to robstride_comm_port.o(i.RobStrideComm_Init) for RobStrideComm_Init
    main.o(i.main) refers to motor_comm_port.o(i.MotorComm_Init) for MotorComm_Init
    main.o(i.main) refers to fdcan_basic.o(i.FDCAN_Start) for FDCAN_Start
    main.o(i.main) refers to cmsis_os2.o(i.osKernelInitialize) for osKernelInitialize
    main.o(i.main) refers to freertos.o(i.MX_FREERTOS_Init) for MX_FREERTOS_Init
    main.o(i.main) refers to cmsis_os2.o(i.osKernelStart) for osKernelStart
    main.o(i.main) refers to fdcan_basic.o(.data) for can1
    freertos.o(i.MX_FREERTOS_Init) refers to task.o(i.TaskAction_Init) for TaskAction_Init
    freertos.o(i.MX_FREERTOS_Init) refers to main.o(i.Error_Handler) for Error_Handler
    freertos.o(i.MX_FREERTOS_Init) refers to cmsis_os2.o(i.osThreadNew) for osThreadNew
    freertos.o(i.MX_FREERTOS_Init) refers to freertos.o(.constdata) for .constdata
    freertos.o(i.MX_FREERTOS_Init) refers to freertos.o(i.StartDefaultTask) for StartDefaultTask
    freertos.o(i.MX_FREERTOS_Init) refers to freertos.o(.data) for .data
    freertos.o(i.MX_FREERTOS_Init) refers to task.o(i.MotorTask) for MotorTask
    freertos.o(i.MX_FREERTOS_Init) refers to task.o(i.ArmTask) for ArmTask
[...]
    HAL_TIMEx_Break2Callback                 0x08006d09   Thumb Code     2  stm32h7xx_hal_tim_ex.o(i.HAL_TIMEx_Break2Callback)
    HAL_TIMEx_BreakCallback                  0x08006d0b   Thumb Code     2  stm32h7xx_hal_tim_ex.o(i.HAL_TIMEx_BreakCallback)
    HAL_TIMEx_CommutCallback                 0x08006d0d   Thumb Code     2  stm32h7xx_hal_tim_ex.o(i.HAL_TIMEx_CommutCallback)
    HAL_TIM_Base_Init                        0x08006d0f   Thumb Code    98  stm32h7xx_hal_tim.o(i.HAL_TIM_Base_Init)
    HAL_TIM_Base_MspInit                     0x08006d71   Thumb Code     2  stm32h7xx_hal_tim.o(i.HAL_TIM_Base_MspInit)
    HAL_TIM_Base_Start_IT                    0x08006d75   Thumb Code   106  stm32h7xx_hal_tim.o(i.HAL_TIM_Base_Start_IT)
    HAL_TIM_IC_CaptureCallback               0x08006e01   Thumb Code     2  stm32h7xx_hal_tim.o(i.HAL_TIM_IC_CaptureCallback)
    HAL_TIM_IRQHandler                       0x08006e03   Thumb Code   328  stm32h7xx_hal_tim.o(i.HAL_TIM_IRQHandler)
    HAL_TIM_OC_DelayElapsedCallback          0x08006f4b   Thumb Code     2  stm32h7xx_hal_tim.o(i.HAL_TIM_OC_DelayElapsedCallback)
    HAL_TIM_PWM_PulseFinishedCallback        0x08006f4d   Thumb Code     2  stm32h7xx_hal_tim.o(i.HAL_TIM_PWM_PulseFinishedCallback)
    HAL_TIM_PeriodElapsedCallback            0x08006f51   Thumb Code    14  main.o(i.HAL_TIM_PeriodElapsedCallback)
    HAL_TIM_TriggerCallback                  0x08006f65   Thumb Code     2  stm32h7xx_hal_tim.o(i.HAL_TIM_TriggerCallback)
    HAL_UARTEx_DisableFifoMode               0x08006f67   Thumb Code    64  stm32h7xx_hal_uart_ex.o(i.HAL_UARTEx_DisableFifoMode)
    HAL_UARTEx_EnableFifoMode                0x08006fa7   Thumb Code    72  stm32h7xx_hal_uart_ex.o(i.HAL_UARTEx_EnableFifoMode)
    HAL_UARTEx_ReceiveToIdle_IT              0x08006fef   Thumb Code    78  stm32h7xx_hal_uart_ex.o(i.HAL_UARTEx_ReceiveToIdle_IT)
    HAL_UARTEx_RxEventCallback               0x0800703d   Thumb Code    88  com_uart.o(i.HAL_UARTEx_RxEventCallback)
    HAL_UARTEx_RxFifoFullCallback            0x08007095   Thumb Code     2  stm32h7xx_hal_uart_ex.o(i.HAL_UARTEx_RxFifoFullCallback)
    HAL_UARTEx_SetRxFifoThreshold            0x08007097   Thumb Code    76  stm32h7xx_hal_uart_ex.o(i.HAL_UARTEx_SetRxFifoThreshold)
    HAL_UARTEx_SetTxFifoThreshold            0x080070e3   Thumb Code    76  stm32h7xx_hal_uart_ex.o(i.HAL_UARTEx_SetTxFifoThreshold)
    HAL_UARTEx_TxFifoEmptyCallback           0x0800712f   Thumb Code     2  stm32h7xx_hal_uart_ex.o(i.HAL_UARTEx_TxFifoEmptyCallback)
    HAL_UARTEx_WakeupCallback                0x08007131   Thumb Code     2  stm32h7xx_hal_uart_ex.o(i.HAL_UARTEx_WakeupCallback)
    HAL_UART_AbortReceive                    0x08007135   Thumb Code   164  stm32h7xx_hal_uart.o(i.HAL_UART_AbortReceive)
    HAL_UART_ErrorCallback                   0x080071dd   Thumb Code   150  com_uart.o(i.HAL_UART_ErrorCallback)
    HAL_UART_IRQHandler                      0x08007275   Thumb Code   898  stm32h7xx_hal_uart.o(i.HAL_UART_IRQHandler)
    HAL_UART_MspInit                         0x08007611   Thumb Code   200  usart.o(i.HAL_UART_MspInit)
    HAL_UART_RxCpltCallback                  0x080076e5   Thumb Code     2  stm32h7xx_hal_uart.o(i.HAL_UART_RxCpltCallback)
    HAL_UART_Transmit                        0x080076e9   Thumb Code   184  stm32h7xx_hal_uart.o(i.HAL_UART_Transmit)
    HAL_UART_Transmit_DMA                    0x080077a1   Thumb Code   132  stm32h7xx_hal_uart.o(i.HAL_UART_Transmit_DMA)
    HAL_UART_TxCpltCallback                  0x08007831   Thumb Code     2  stm32h7xx_hal_uart.o(i.HAL_UART_TxCpltCallback)
    HAL_UART_TxHalfCpltCallback              0x08007833   Thumb Code     2  stm32h7xx_hal_uart.o(i.HAL_UART_TxHalfCpltCallback)
    HardFault_Handler                        0x08007835   Thumb Code     2  stm32h7xx_it.o(i.HardFault_Handler)
    MX_FDCAN1_Init                           0x0800785d   Thumb Code    98  fdcan.o(i.MX_FDCAN1_Init)
    MX_FREERTOS_Init                         0x080078c9   Thumb Code    94  freertos.o(i.MX_FREERTOS_Init)
    MX_GPIO_Init                             0x08007941   Thumb Code    54  gpio.o(i.MX_GPIO_Init)
    MX_USART1_UART_Init                      0x0800797d   Thumb Code   124  usart.o(i.MX_USART1_UART_Init)
    MYACTUATOR_Comm_ApplyCommand             0x08007a05   Thumb Code   404  myactuator_comm_port.o(i.MYACTUATOR_Comm_ApplyCommand)
    MYACTUATOR_Comm_Configure                0x08007bc9   Thumb Code    32  myactuator_comm_port.o(i.MYACTUATOR_Comm_Configure)
    MYACTUATOR_Comm_Init                     0x08007bf1   Thumb Code    44  myactuator_comm_port.o(i.MYACTUATOR_Comm_Init)
    MYACTUATOR_Comm_ProcessAndTransmit       0x08007c29   Thumb Code    36  myactuator_comm_port.o(i.MYACTUATOR_Comm_ProcessAndTransmit)
    MYACTUATOR_Comm_SetEnabled               0x08007c55   Thumb Code    32  myactuator_comm_port.o(i.MYACTUATOR_Comm_SetEnabled)
    MYACTUATOR_Comm_TryReadCommand           0x08007c7d   Thumb Code   112  myactuator_comm_port.o(i.MYACTUATOR_Comm_TryReadCommand)
    MYACTUATOR_Motor_ControlUpdate           0x08007d39   Thumb Code    58  myactuator_motor.o(i.MYACTUATOR_Motor_ControlUpdate)
    MYACTUATOR_Motor_Init                    0x08007d73   Thumb Code    26  myactuator_motor.o(i.MYACTUATOR_Motor_Init)
    MYACTUATOR_Motor_ProcessFrame            0x08007d8d   Thumb Code   394  myactuator_motor.o(i.MYACTUATOR_Motor_ProcessFrame)
    MYACTUATOR_Motor_RxHandler               0x08007f31   Thumb Code     4  myactuator_motor.o(i.MYACTUATOR_Motor_RxHandler)
    MYACTUATOR_Motor_Stop                    0x08007f35   Thumb Code     6  myactuator_motor.o(i.MYACTUATOR_Motor_Stop)
    MYACTUATOR_Motor_Transmit                0x08007f3d   Thumb Code   140  myactuator_motor.o(i.MYACTUATOR_Motor_Transmit)
    MemManage_Handler                        0x08008261   Thumb Code     2  stm32h7xx_it.o(i.MemManage_Handler)
    MotorComm_ApplyUnitreeCommand            0x08008265   Thumb Code   330  motor_comm_port.o(i.MotorComm_ApplyUnitreeCommand)
    MotorComm_ConfigureUnitree               0x080083c9   Thumb Code    72  motor_comm_port.o(i.MotorComm_ConfigureUnitree)
    MotorComm_Init                           0x08008441   Thumb Code    58  motor_comm_port.o(i.MotorComm_Init)
    MotorComm_ProcessAndTransmit             0x080084ed   Thumb Code    26  motor_comm_port.o(i.MotorComm_ProcessAndTransmit)
    MotorComm_StartUnitreeReceive            0x08008521   Thumb Code    22  motor_comm_port.o(i.MotorComm_StartUnitreeReceive)
    MotorComm_TryReadUnitreeCommand          0x0800853d   Thumb Code   112  motor_comm_port.o(i.MotorComm_TryReadUnitreeCommand)
    MotorTask                                0x080085b1   Thumb Code   142  task.o(i.MotorTask)
    NMI_Handler                              0x08008645   Thumb Code     2  stm32h7xx_it.o(i.NMI_Handler)
    Pid_Regulate                             0x080086c1   Thumb Code   348  pid.o(i.Pid_Regulate)
    Pid_Regulate_Auto                        0x08008821   Thumb Code   128  pid.o(i.Pid_Regulate_Auto)
    Process_Damiao_Motor_Frame               0x080088a1   Thumb Code    58  dm_motor.o(i.Process_Damiao_Motor_Frame)
    Process_RobStride_Motor_Frame            0x080088dd   Thumb Code   354  robstride_motor.o(i.Process_RobStride_Motor_Frame)
    Process_Unitree_Motor_Byte               0x08008a51   Thumb Code   216  unitree_motor.o(i.Process_Unitree_Motor_Byte)
    RobStrideComm_ApplyCommand               0x08008d69   Thumb Code   432  robstride_comm_port.o(i.RobStrideComm_ApplyCommand)
    RobStrideComm_Configure                  0x08008f1d   Thumb Code    50  robstride_comm_port.o(i.RobStrideComm_Configure)
    RobStrideComm_Init                       0x08008f59   Thumb Code    48  robstride_comm_port.o(i.RobStrideComm_Init)
    RobStrideComm_ProcessAndTransmit         0x08008f95   Thumb Code    64  robstride_comm_port.o(i.RobStrideComm_ProcessAndTransmit)
    RobStrideComm_SetEnabled                 0x08008fdd   Thumb Code    40  robstride_comm_port.o(i.RobStrideComm_SetEnabled)
    RobStrideComm_TryReadCommand             0x0800900d   Thumb Code   112  robstride_comm_port.o(i.RobStrideComm_TryReadCommand)
    RobStrideMotor_Control_Update            0x080091d9   Thumb Code   180  robstride_motor.o(i.RobStrideMotor_Control_Update)
    RobStrideMotor_Disable                   0x08009291   Thumb Code     8  robstride_motor.o(i.RobStrideMotor_Disable)
    RobStrideMotor_Enable                    0x08009299   Thumb Code     8  robstride_motor.o(i.RobStrideMotor_Enable)
    RobStrideMotor_Init                      0x080092fd   Thumb Code    96  robstride_motor.o(i.RobStrideMotor_Init)
    RobStrideMotor_RxHandler                 0x080094f1   Thumb Code    96  robstride_motor.o(i.RobStrideMotor_RxHandler)
    RobStrideMotor_Transmit                  0x08009615   Thumb Code   180  robstride_motor.o(i.RobStrideMotor_Transmit)
    StartDefaultTask                         0x080096cd   Thumb Code     8  freertos.o(i.StartDefaultTask)
    SysTick_Handler                          0x080096d5   Thumb Code    26  cmsis_os2.o(i.SysTick_Handler)
    SystemClock_Config                       0x080096f1   Thumb Code   158  main.o(i.SystemClock_Config)
    SystemInit                               0x08009799   Thumb Code   206  system_stm32h7xx.o(i.SystemInit)
    TIM7_IRQHandler                          0x08009891   Thumb Code     6  stm32h7xx_it.o(i.TIM7_IRQHandler)
    TIM_Base_SetConfig                       0x0800989d   Thumb Code   170  stm32h7xx_hal_tim.o(i.TIM_Base_SetConfig)
    TaskAction                               0x08009969   Thumb Code    94  task.o(i.TaskAction)
    TaskAction_Init                          0x080099cd   Thumb Code    58  task.o(i.TaskAction_Init)
    UART_AdvFeatureConfig                    0x08009b25   Thumb Code   200  stm32h7xx_hal_uart.o(i.UART_AdvFeatureConfig)
    UART_CheckIdleState                      0x08009bed   Thumb Code   170  stm32h7xx_hal_uart.o(i.UART_CheckIdleState)
    UART_SetConfig                           0x0800a285   Thumb Code   876  stm32h7xx_hal_uart.o(i.UART_SetConfig)
    UART_Start_Receive_IT                    0x0800a631   Thumb Code   256  stm32h7xx_hal_uart.o(i.UART_Start_Receive_IT)
    UART_WaitOnFlagUntilTimeout              0x0800a741   Thumb Code   148  stm32h7xx_hal_uart.o(i.UART_WaitOnFlagUntilTimeout)
    USART1_IRQHandler                        0x0800a7d5   Thumb Code     6  stm32h7xx_it.o(i.USART1_IRQHandler)
    UnitreeMotor_Control_Update              0x0800a7e1   Thumb Code   108  unitree_motor.o(i.UnitreeMotor_Control_Update)
    UnitreeMotor_Init                        0x0800a84d   Thumb Code   192  unitree_motor.o(i.UnitreeMotor_Init)
    UnitreeMotor_Transmit_DMA                0x0800ab4d   Thumb Code   134  unitree_motor.o(i.UnitreeMotor_Transmit_DMA)
    UnitreeMotor_UnpackFbk                   0x0800abd9   Thumb Code   290  unitree_motor.o(i.UnitreeMotor_UnpackFbk)
    UsageFault_Handler                       0x0800ad6f   Thumb Code     2  stm32h7xx_it.o(i.UsageFault_Handler)
    __ARM_fpclassifyf                        0x0800afb7   Thumb Code    38  fpclassifyf.o(i.__ARM_fpclassifyf)
    __hardfp_ceilf                           0x0800b055   Thumb Code   102  ceilf.o(i.__hardfp_ceilf)
    __mathlib_ceilf                          0x0800b055   Thumb Code     0  ceilf.o(i.__hardfp_ceilf)
    __hardfp_cosf                            0x0800b0c9   Thumb Code   276  cosf.o(i.__hardfp_cosf)
    __hardfp_fmaxf                           0x0800b219   Thumb Code    72  fmaxf.o(i.__hardfp_fmaxf)
    __hardfp_fminf                           0x0800b261   Thumb Code    72  fminf.o(i.__hardfp_fminf)
    __hardfp_sinf                            0x0800b2a9   Thumb Code   344  sinf.o(i.__hardfp_sinf)
    __hardfp_sqrtf                           0x0800b43d   Thumb Code    58  sqrtf.o(i.__hardfp_sqrtf)
    __mathlib_flt_infnan                     0x0800b477   Thumb Code     6  funder.o(i.__mathlib_flt_infnan)
    __mathlib_flt_invalid                    0x0800b47d   Thumb Code    10  funder.o(i.__mathlib_flt_invalid)
    __mathlib_flt_underflow                  0x0800b48d   Thumb Code    10  funder.o(i.__mathlib_flt_underflow)
    __mathlib_rredf2                         0x0800b49d   Thumb Code   316  rredf.o(i.__mathlib_rredf2)
    crc32_core                               0x0800b5f1   Thumb Code    56  crc.o(i.crc32_core)
    crc_ccitt                                0x0800b62d   Thumb Code    22  crc.o(i.crc_ccitt)
    crc_ccitt_byte                           0x0800b645   Thumb Code    16  crc.o(i.crc_ccitt_byte)
    main                                     0x0800b66d   Thumb Code   164  main.o(i.main)
    osDelay                                  0x0800b715   Thumb Code    32  cmsis_os2.o(i.osDelay)
    osDelayUntil                             0x0800b735   Thumb Code    50  cmsis_os2.o(i.osDelayUntil)
    osKernelGetTickCount                     0x0800b767   Thumb Code    24  cmsis_os2.o(i.osKernelGetTickCount)
    osKernelInitialize                       0x0800b781   Thumb Code    42  cmsis_os2.o(i.osKernelInitialize)
    osKernelStart                            0x0800b7b1   Thumb Code    56  cmsis_os2.o(i.osKernelStart)
    osMessageQueueGet                        0x0800b7f1   Thumb Code   112  cmsis_os2.o(i.osMessageQueueGet)
    osMessageQueueNew                        0x0800b865   Thumb Code    98  cmsis_os2.o(i.osMessageQueueNew)
    osMessageQueuePut                        0x0800b8c9   Thumb Code   116  cmsis_os2.o(i.osMessageQueuePut)
    osThreadNew                              0x0800b941   Thumb Code   146  cmsis_os2.o(i.osThreadNew)
    pvPortMalloc                             0x0800c151   Thumb Code   204  heap_4.o(i.pvPortMalloc)
    pxPortInitialiseStack                    0x0800c221   Thumb Code    42  port.o(i.pxPortInitialiseStack)
    uxListRemove                             0x0800c251   Thumb Code    38  list.o(i.uxListRemove)
    uxTaskGetNumberOfTasks                   0x0800c279   Thumb Code     6  tasks.o(i.uxTaskGetNumberOfTasks)
    vApplicationGetIdleTaskMemory            0x0800c285   Thumb Code    18  cmsis_os2.o(i.vApplicationGetIdleTaskMemory)
    vApplicationGetTimerTaskMemory           0x0800c29d   Thumb Code    20  cmsis_os2.o(i.vApplicationGetTimerTaskMemory)
    vListInitialise                          0x0800c2b5   Thumb Code    22  list.o(i.vListInitialise)
    vListInitialiseItem                      0x0800c2cb   Thumb Code     6  list.o(i.vListInitialiseItem)
    vListInsert                              0x0800c2d1   Thumb Code    48  list.o(i.vListInsert)
    vPortEnterCritical                       0x0800c301   Thumb Code    54  port.o(i.vPortEnterCritical)
    vPortExitCritical                        0x0800c341   Thumb Code    34  port.o(i.vPortExitCritical)
    vPortFree                                0x0800c369   Thumb Code    94  heap_4.o(i.vPortFree)
    vPortSetupTimerInterrupt                 0x0800c3cd   Thumb Code    32  port.o(i.vPortSetupTimerInterrupt)
    vPortValidateInterruptPriority           0x0800c3f1   Thumb Code    74  port.o(i.vPortValidateInterruptPriority)
    vQueueAddToRegistry                      0x0800c445   Thumb Code    74  queue.o(i.vQueueAddToRegistry)
    vQueueWaitForMessageRestricted           0x0800c495   Thumb Code    68  queue.o(i.vQueueWaitForMessageRestricted)
    vTaskDelay                               0x0800c4d9   Thumb Code    66  tasks.o(i.vTaskDelay)
    vTaskInternalSetTimeOutState             0x0800c525   Thumb Code    12  tasks.o(i.vTaskInternalSetTimeOutState)
    vTaskMissedYield                         0x0800c535   Thumb Code     8  tasks.o(i.vTaskMissedYield)
    vTaskPlaceOnEventList                    0x0800c541   Thumb Code    44  tasks.o(i.vTaskPlaceOnEventList)
    vTaskPlaceOnEventListRestricted          0x0800c571   Thumb Code    76  tasks.o(i.vTaskPlaceOnEventListRestricted)
    vTaskStartScheduler                      0x0800c5c1   Thumb Code   114  tasks.o(i.vTaskStartScheduler)
    vTaskSuspendAll                          0x0800c645   Thumb Code    10  tasks.o(i.vTaskSuspendAll)
    vTaskSwitchContext                       0x0800c655   Thumb Code    90  tasks.o(i.vTaskSwitchContext)
    xPortStartScheduler                      0x0800c6b9   Thumb Code   234  port.o(i.xPortStartScheduler)
    xPortSysTickHandler                      0x0800c7b9   Thumb Code    38  port.o(i.xPortSysTickHandler)
    xQueueGenericCreate                      0x0800c7e5   Thumb Code    84  queue.o(i.xQueueGenericCreate)
    xQueueGenericCreateStatic                0x0800c839   Thumb Code    70  queue.o(i.xQueueGenericCreateStatic)
    xQueueGenericReset                       0x0800c881   Thumb Code   182  queue.o(i.xQueueGenericReset)
    xQueueGenericSend                        0x0800c93d   Thumb Code   346  queue.o(i.xQueueGenericSend)
    xQueueGenericSendFromISR                 0x0800ca9d   Thumb Code   218  queue.o(i.xQueueGenericSendFromISR)
    xQueueReceive                            0x0800cb79   Thumb Code   310  queue.o(i.xQueueReceive)
    xQueueReceiveFromISR                     0x0800ccb5   Thumb Code   184  queue.o(i.xQueueReceiveFromISR)
    xTaskCheckForTimeOut                     0x0800cd6d   Thumb Code   112  tasks.o(i.xTaskCheckForTimeOut)
    xTaskCreate                              0x0800cde1   Thumb Code    96  tasks.o(i.xTaskCreate)
    xTaskCreateStatic                        0x0800ce41   Thumb Code   114  tasks.o(i.xTaskCreateStatic)
    xTaskDelayUntil                          0x0800ceb5   Thumb Code   138  tasks.o(i.xTaskDelayUntil)
    xTaskGetSchedulerState                   0x0800cf49   Thumb Code    22  tasks.o(i.xTaskGetSchedulerState)
    xTaskGetTickCount                        0x0800cf65   Thumb Code     6  tasks.o(i.xTaskGetTickCount)
    xTaskGetTickCountFromISR                 0x0800cf71   Thumb Code    12  tasks.o(i.xTaskGetTickCountFromISR)
    xTaskIncrementTick                       0x0800cf81   Thumb Code   294  tasks.o(i.xTaskIncrementTick)
    xTaskPriorityDisinherit                  0x0800d0b1   Thumb Code   158  tasks.o(i.xTaskPriorityDisinherit)
    xTaskRemoveFromEventList                 0x0800d159   Thumb Code   206  tasks.o(i.xTaskRemoveFromEventList)
    xTaskResumeAll                           0x0800d235   Thumb Code   304  tasks.o(i.xTaskResumeAll)
    xTimerCreateTimerTask                    0x0800d375   Thumb Code    78  timers.o(i.xTimerCreateTimerTask)
    __fcmp4                                  0x0800d3d5   Thumb Code    24  fcmp4.o(x$fpl$fcmp4)
    __ARM_fcmp4                              0x0800d3ed   Thumb Code     0  fcmp4.o(x$fpl$fcmp4)
    _fcmp4                                   0x0800d3ed   Thumb Code    58  fcmp4.o(x$fpl$fcmp4)
    __fpl_fcmp_Inf                           0x0800d427   Thumb Code    24  fcmpi.o(x$fpl$fcmpinf)
    __fpl_fnaninf                            0x0800d43f   Thumb Code   140  fnaninf.o(x$fpl$fnaninf)
    _fp_init                                 0x0800d4cb   Thumb Code    10  fpinit.o(x$fpl$fpinit)
    __fplib_config_fpu_vfp                   0x0800d4d3   Thumb Code     0  fpinit.o(x$fpl$fpinit)
    __fplib_config_pureend_doubles           0x0800d4d3   Thumb Code     0  fpinit.o(x$fpl$fpinit)
    __I$use$fp                               0x0800d4d4   Number         0  usenofp.o(x$fpl$usenofp)
    motorTask_attributes                     0x0800d4d4   Data          36  freertos.o(.constdata)
    armTask_attributes                       0x0800d4f8   Data          36  freertos.o(.constdata)
    actionTask_attributes                    0x0800d51c   Data          36  freertos.o(.constdata)
    defaultTask_attributes                   0x0800d540   Data          36  freertos.o(.constdata)
    UARTPrescTable                           0x0800d5c0   Data          24  stm32h7xx_hal_uart.o(.constdata)
    D1CorePrescTable                         0x0800d5e8   Data          16  system_stm32h7xx.o(.constdata)
    crc_ccitt_table                          0x0800d718   Data         512  crc.o(.constdata)
    Region$$Table$$Base                      0x0800dd70   Number         0  anon$$obj.o(Region$$Table)
    Region$$Table$$Limit                     0x0800dd90   Number         0  anon$$obj.o(Region$$Table)
    motorTaskHandle                          0x24000000   Data           4  freertos.o(.data)
    armTaskHandle                            0x24000004   Data           4  freertos.o(.data)
    actionTaskHandle                         0x24000008   Data           4  freertos.o(.data)
    defaultTaskHandle                        0x2400000c   Data           4  freertos.o(.data)
    uwTickFreq                               0x24000010   Data           1  stm32h7xx_hal.o(.data)
    uwTickPrio                               0x24000014   Data           4  stm32h7xx_hal.o(.data)
    uwTick                                   0x24000018   Data           4  stm32h7xx_hal.o(.data)
    SystemCoreClock                          0x2400001c   Data           4  system_stm32h7xx.o(.data)
    SystemD2Clock                            0x24000020   Data           4  system_stm32h7xx.o(.data)
    pxCurrentTCB                             0x24000024   Data           4  tasks.o(.data)
    uxTopUsedPriority                        0x24000054   Data           4  tasks.o(.data)
    Action_Handles                           0x2400060c   Data         184  action.o(.data)
    Action_Runtime                           0x240006c4   Data           8  action.o(.data)
    can1                                     0x240006cc   Data          44  fdcan_basic.o(.data)
    damiao_fdcan_start_error                 0x240006f8   Data           1  damiao_comm_port.o(.data)
    damiao_motor                             0x240006fc   Data         244  damiao_comm_port.o(.data)
    damiao_test_command                      0x240007f0   Data          36  damiao_comm_port.o(.data)
    unitree_a1_test_command                  0x24000814   Data          28  motor_comm_port.o(.data)
    myactuator_register_status               0x24000830   Data           1  myactuator_comm_port.o(.data)
    myactuator_test_command                  0x24000834   Data          28  myactuator_comm_port.o(.data)
    robstride_register_status                0x24000850   Data           1  robstride_comm_port.o(.data)
    robstride_test_command                   0x24000854   Data          32  robstride_comm_port.o(.data)
    arm_lift_enable                          0x24000874   Data           1  task.o(.data)
    hfdcan1                                  0x24000884   Data         160  fdcan.o(.bss)
    huart1                                   0x24000924   Data         148  usart.o(.bss)
    htim7                                    0x240009b8   Data          76  stm32h7xx_hal_timebase_tim.o(.bss)
    xQueueRegistry                           0x24000a04   Data          64  queue.o(.bss)
    fdcan_rx_dispatcher_diagnostics          0x24011878   Data          32  fdcan_rxdispatcher.o(.bss)
    unitree_a1_motor                         0x240118a0   Data         512  motor_comm_port.o(.bss)
    unitree_uart_port                        0x24011aa0   Data         176  motor_comm_port.o(.bss)
    myactuator_x4_36                         0x24011b50   Data          72  myactuator_comm_port.o(.bss)
    robstride_motor                          0x24011b98   Data         240  robstride_comm_port.o(.bss)
    __libspace_start                         0x24011ca8   Data          96  libspace.o(.bss)
    __temporary_stack_top$libspace           0x24011d08   Data           0  libspace.o(.bss)



==============================================================================

Memory Map of the image

  Image Entry point : 0x08000299

  Load Region LR_IROM1 (Base: 0x08000000, Size: 0x0000e614, Max: 0x00200000, ABSOLUTE, COMPRESSED[0x0000ddf8])

    Execution Region ER_IROM1 (Exec base: 0x08000000, Load base: 0x08000000, Size: 0x0000dd90, Max: 0x00200000, ABSOLUTE)

    Exec Addr    Load Addr    Size         Type   Attr      Idx    E Section Name        Object

    0x08000000   0x08000000   0x00000298   Data   RO            3    RESET               startup_stm32h743xx.o
    0x08000298   0x08000298   0x00000008   Code   RO         8817  * !!!main             c_w.l(__main.o)
    0x080002a0   0x080002a0   0x00000034   Code   RO         9097    !!!scatter          c_w.l(__scatter.o)
    0x080002d4   0x080002d4   0x0000005a   Code   RO         9095    !!dczerorl2         c_w.l(__dczerorl2.o)
    0x0800032e   0x0800032e   0x00000002   PAD
    0x08000330   0x08000330   0x0000001c   Code   RO         9099    !!handler_zi        c_w.l(__scatter_zi.o)
    0x0800034c   0x0800034c   0x00000002   Code   RO         8966    .ARM.Collect$$libinit$$00000000  c_w.l(libinit.o)
    0x0800034e   0x0800034e   0x00000004   Code   RO         8975    .ARM.Collect$$libinit$$00000001  c_w.l(libinit2.o)
    0x08000352   0x08000352   0x00000000   Code   RO         8978    .ARM.Collect$$libinit$$00000004  c_w.l(libinit2.o)
    0x08000352   0x08000352   0x00000000   Code   RO         8981    .ARM.Collect$$libinit$$0000000A  c_w.l(libinit2.o)
    0x08000352   0x08000352   0x00000000   Code   RO         8983    .ARM.Collect$$libinit$$0000000C  c_w.l(libinit2.o)
    0x08000352   0x08000352   0x00000000   Code   RO         8985    .ARM.Collect$$libinit$$0000000E  c_w.l(libinit2.o)
    0x08000352   0x08000352   0x00000000   Code   RO         8988    .ARM.Collect$$libinit$$00000011  c_w.l(libinit2.o)
    0x08000352   0x08000352   0x00000000   Code   RO         8990    .ARM.Collect$$libinit$$00000013  c_w.l(libinit2.o)
    0x08000352   0x08000352   0x00000000   Code   RO         8992    .ARM.Collect$$libinit$$00000015  c_w.l(libinit2.o)
    0x08000352   0x08000352   0x00000000   Code   RO         8994    .ARM.Collect$$libinit$$00000017  c_w.l(libinit2.o)
    0x08000352   0x08000352   0x00000000   Code   RO         8996    .ARM.Collect$$libinit$$00000019  c_w.l(libinit2.o)
    0x08000352   0x08000352   0x00000000   Code   RO         8998    .ARM.Collect$$libinit$$0000001B  c_w.l(libinit2.o)
    0x08000352   0x08000352   0x00000000   Code   RO         9000    .ARM.Collect$$libinit$$0000001D  c_w.l(libinit2.o)
    0x08000352   0x08000352   0x00000000   Code   RO         9002    .ARM.Collect$$libinit$$0000001F  c_w.l(libinit2.o)
    0x08000352   0x08000352   0x00000000   Code   RO         9004    .ARM.Collect$$libinit$$00000021  c_w.l(libinit2.o)
    0x08000352   0x08000352   0x00000000   Code   RO         9006    .ARM.Collect$$libinit$$00000023  c_w.l(libinit2.o)
    0x08000352   0x08000352   0x00000000   Code   RO         9008    .ARM.Collect$$libinit$$00000025  c_w.l(libinit2.o)
    0x08000352   0x08000352   0x00000000   Code   RO         9012    .ARM.Collect$$libinit$$0000002C  c_w.l(libinit2.o)
    0x08000352   0x08000352   0x00000000   Code   RO         9014    .ARM.Collect$$libinit$$0000002E  c_w.l(libinit2.o)
    0x08000352   0x08000352   0x00000000   Code   RO         9016    .ARM.Collect$$libinit$$00000030  c_w.l(libinit2.o)
    0x08000352   0x08000352   0x00000000   Code   RO         9018    .ARM.Collect$$libinit$$00000032  c_w.l(libinit2.o)
    0x08000352   0x08000352   0x00000002   Code   RO         9019    .ARM.Collect$$libinit$$00000033  c_w.l(libinit2.o)
    0x08000354   0x08000354   0x00000002   Code   RO         9050    .ARM.Collect$$libshutdown$$00000000  c_w.l(libshutdown.o)
    0x08000356   0x08000356   0x00000000   Code   RO         9076    .ARM.Collect$$libshutdown$$00000002  c_w.l(libshutdown2.o)
    0x08000356   0x08000356   0x00000000   Code   RO         9078    .ARM.Collect$$libshutdown$$00000004  c_w.l(libshutdown2.o)
    0x08000356   0x08000356   0x00000000   Code   RO         9080    .ARM.Collect$$libshutdown$$00000006  c_w.l(libshutdown2.o)
    0x08000356   0x08000356   0x00000000   Code   RO         9083    .ARM.Collect$$libshutdown$$00000009  c_w.l(libshutdown2.o)
    0x08000356   0x08000356   0x00000000   Code   RO         9086    .ARM.Collect$$libshutdown$$0000000C  c_w.l(libshutdown2.o)
    0x08000356   0x08000356   0x00000000   Code   RO         9088    .ARM.Collect$$libshutdown$$0000000E  c_w.l(libshutdown2.o)
    0x08000356   0x08000356   0x00000000   Code   RO         9091    .ARM.Collect$$libshutdown$$00000011  c_w.l(libshutdown2.o)
    0x08000356   0x08000356   0x00000002   Code   RO         9092    .ARM.Collect$$libshutdown$$00000012  c_w.l(libshutdown2.o)
    0x08000358   0x08000358   0x00000000   Code   RO         8893    .ARM.Collect$$rtentry$$00000000  c_w.l(__rtentry.o)
    0x08000358   0x08000358   0x00000000   Code   RO         8925    .ARM.Collect$$rtentry$$00000002  c_w.l(__rtentry2.o)
    0x08000358   0x08000358   0x00000006   Code   RO         8937    .ARM.Collect$$rtentry$$00000004  c_w.l(__rtentry4.o)
    0x0800035e   0x0800035e   0x00000000   Code   RO         8927    .ARM.Collect$$rtentry$$00000009  c_w.l(__rtentry2.o)
    0x0800035e   0x0800035e   0x00000004   Code   RO         8928    .ARM.Collect$$rtentry$$0000000A  c_w.l(__rtentry2.o)
    0x08000362   0x08000362   0x00000000   Code   RO         8930    .ARM.Collect$$rtentry$$0000000C  c_w.l(__rtentry2.o)
    0x08000362   0x08000362   0x00000008   Code   RO         8931    .ARM.Collect$$rtentry$$0000000D  c_w.l(__rtentry2.o)
    0x0800036a   0x0800036a   0x00000002   Code   RO         8967    .ARM.Collect$$rtexit$$00000000  c_w.l(rtexit.o)
    0x0800036c   0x0800036c   0x00000000   Code   RO         9023    .ARM.Collect$$rtexit$$00000002  c_w.l(rtexit2.o)
    0x0800036c   0x0800036c   0x00000004   Code   RO         9024    .ARM.Collect$$rtexit$$00000003  c_w.l(rtexit2.o)
    0x08000370   0x08000370   0x00000006   Code   RO         9025    .ARM.Collect$$rtexit$$00000004  c_w.l(rtexit2.o)
    0x08000376   0x08000376   0x00000002   PAD
    0x08000378   0x08000378   0x000000be   Code   RO         6940    .emb_text           port.o
    0x08000436   0x08000436   0x00000002   PAD
    0x08000438   0x08000438   0x00000048   Code   RO            4    .text               startup_stm32h743xx.o
    0x08000480   0x08000480   0x000000ee   Code   RO         8799    .text               c_w.l(lludivv7m.o)
    0x0800056e   0x0800056e   0x0000008a   Code   RO         8801    .text               c_w.l(rt_memcpy_v6.o)
    0x080005f8   0x080005f8   0x00000064   Code   RO         8803    .text               c_w.l(rt_memcpy_w.o)
    0x0800065c   0x0800065c   0x00000010   Code   RO         8807    .text               c_w.l(aeabi_memset.o)
    0x0800066c   0x0800066c   0x00000044   Code   RO         8809    .text               c_w.l(rt_memclr.o)
    0x080006b0   0x080006b0   0x0000004e   Code   RO         8811    .text               c_w.l(rt_memclr_w.o)
    0x080006fe   0x080006fe   0x00000002   PAD
    0x08000700   0x08000700   0x00000068   Code   RO         8813    .text               c_w.l(strcmpv7m_pel.o)
    0x08000768   0x08000768   0x00000006   Code   RO         8815    .text               c_w.l(heapauxi.o)
    0x0800076e   0x0800076e   0x00000016   Code   RO         8898    .text               c_w.l(_rserrno.o)
    0x08000784   0x08000784   0x00000008   Code   RO         8944    .text               c_w.l(rt_errno_addr_intlibspace.o)
    0x0800078c   0x0800078c   0x00000008   Code   RO         8950    .text               c_w.l(libspace.o)
    0x08000794   0x08000794   0x0000004a   Code   RO         8953    .text               c_w.l(sys_stackheap_outer.o)
    0x080007de   0x080007de   0x00000012   Code   RO         8955    .text               c_w.l(exit.o)
    0x080007f0   0x080007f0   0x0000000c   Code   RO         9020    .text               c_w.l(sys_exit.o)
    0x080007fc   0x080007fc   0x00000002   Code   RO         9039    .text               c_w.l(use_no_semi.o)
    0x080007fe   0x080007fe   0x00000000   Code   RO         9041    .text               c_w.l(indicate_semi.o)
    0x080007fe   0x080007fe   0x00000002   PAD
    0x08000800   0x08000800   0x0000006a   Code   RO         7707    i.Action_AdvanceStep  action_lib.o
    0x0800086a   0x0800086a   0x00000002   PAD
    0x0800086c   0x0800086c   0x000000ba   Code   RO         7708    i.Action_CollectTags  action_lib.o
    0x08000926   0x08000926   0x00000002   PAD
    0x08000928   0x08000928   0x0000003c   Code   RO         7709    i.Action_FindHandle  action_lib.o
    0x08000964   0x08000964   0x00000012   Code   RO         7710    i.Action_GroupState  action_lib.o
    0x08000976   0x08000976   0x0000001c   Code   RO         7711    i.Action_InstanceReady  action_lib.o
    0x08000992   0x08000992   0x00000002   PAD
    0x08000994   0x08000994   0x00000076   Code   RO         7712    i.Action_LoadNextGroup  action_lib.o
    0x08000a0a   0x08000a0a   0x00000002   PAD
    0x08000a0c   0x08000a0c   0x000000c8   Code   RO         7713    i.Action_LockTagsImpl  action_lib.o
    0x08000ad4   0x08000ad4   0x00000078   Code   RO         7714    i.Action_LocksFree  action_lib.o
    0x08000b4c   0x08000b4c   0x00000044   Code   RO         7715    i.Action_ReleaseLocks  action_lib.o
    0x08000b90   0x08000b90   0x0000001e   Code   RO         7716    i.Action_Reset      action_lib.o
    0x08000bae   0x08000bae   0x00000016   Code   RO         7718    i.Action_ResetInstance  action_lib.o
    0x08000bc4   0x08000bc4   0x0000006e   Code   RO         7719    i.Action_RunCommands  action_lib.o
    0x08000c32   0x08000c32   0x0000001e   Code   RO         7720    i.Action_SetQueueIdle  action_lib.o
    0x08000c50   0x08000c50   0x00000022   Code   RO         7722    i.Action_Start      action_lib.o
    0x08000c72   0x08000c72   0x00000002   PAD
    0x08000c74   0x08000c74   0x00000182   Code   RO         7723    i.Action_StartQueue  action_lib.o
    0x08000df6   0x08000df6   0x0000002e   Code   RO         7724    i.Action_StepItemCount  action_lib.o
    0x08000e24   0x08000e24   0x00000060   Code   RO         7725    i.Action_StopQueue  action_lib.o
    0x08000e84   0x08000e84   0x00000014   Code   RO         7726    i.Action_StrEq      action_lib.o
    0x08000e98   0x08000e98   0x0000003c   Code   RO         7727    i.Action_Update     action_lib.o
    0x08000ed4   0x08000ed4   0x000000d2   Code   RO         7728    i.Action_UpdateQueue  action_lib.o
    0x08000fa6   0x08000fa6   0x00000072   Code   RO         7729    i.Action_WaitsReady  action_lib.o
    0x08001018   0x08001018   0x000000d4   Code   RO         7852    i.Arm2R_BuildJoint  arm2r.o
    0x080010ec   0x080010ec   0x00000248   Code   RO         7853    i.Arm2R_BuildJointTrajectory  arm2r.o
    0x08001334   0x08001334   0x00000064   Code   RO         7935    i.Arm2R_FK          arm2r.o
    0x08001398   0x08001398   0x00000148   Code   RO         7857    i.Arm2R_SpeedPlan   arm2r.o
    0x080014e0   0x080014e0   0x000000a0   Code   RO         8667    i.ArmTask           task.o
    0x08001580   0x08001580   0x00000030   Code   RO         8668    i.ArmTask_SendActionRequest  task.o
    0x080015b0   0x080015b0   0x00000028   Code   RO         7953    i.ArmTrajectory_Abort  armtrajectory.o
    0x080015d8   0x080015d8   0x00000144   Code   RO         7954    i.ArmTrajectory_ApplyPoint  armtrajectory.o
    0x0800171c   0x0800171c   0x000000d4   Code   RO         7955    i.ArmTrajectory_ApplyTheta2Compensation  armtrajectory.o
    0x080017f0   0x080017f0   0x00000034   Code   RO         7956    i.ArmTrajectory_AtTarget  armtrajectory.o
    0x08001824   0x08001824   0x00000020   Code   RO         7957    i.ArmTrajectory_Clamp  armtrajectory.o
    0x08001844   0x08001844   0x0000006c   Code   RO         7958    i.ArmTrajectory_FillMotorCommand  armtrajectory.o
    0x080018b0   0x080018b0   0x00000018   Code   RO         7959    i.ArmTrajectory_GetFinalMotorPosition  armtrajectory.o
    0x080018c8   0x080018c8   0x000000bc   Code   RO         7960    i.ArmTrajectory_GetTrackPoint  armtrajectory.o
    0x08001984   0x08001984   0x00000098   Code   RO         7961    i.ArmTrajectory_Init  armtrajectory.o
    0x08001a1c   0x08001a1c   0x0000001c   Code   RO         7962    i.ArmTrajectory_JointFromTheta2  armtrajectory.o
    0x08001a38   0x08001a38   0x0000006c   Code   RO         7963    i.ArmTrajectory_JointToMotor  armtrajectory.o
    0x08001aa4   0x08001aa4   0x00000050   Code   RO         7964    i.ArmTrajectory_LinearMap  armtrajectory.o
    0x08001af4   0x08001af4   0x00000068   Code   RO         7965    i.ArmTrajectory_MotorToJoint  armtrajectory.o
    0x08001b5c   0x08001b5c   0x000000b0   Code   RO         7966    i.ArmTrajectory_SelectSmallSegmentByMotor  armtrajectory.o
    0x08001c0c   0x08001c0c   0x00000098   Code   RO         7967    i.ArmTrajectory_SelectSmallSegmentByTheta  armtrajectory.o
    0x08001ca4   0x08001ca4   0x0000005c   Code   RO         7968    i.ArmTrajectory_SmallNeg90CalibrationValid  armtrajectory.o
    0x08001d00   0x08001d00   0x00000058   Code   RO         7969    i.ArmTrajectory_SmallTheta0CalibrationValid  armtrajectory.o
    0x08001d58   0x08001d58   0x0000019c   Code   RO         7970    i.ArmTrajectory_StartJointAngles  armtrajectory.o
    0x08001ef4   0x08001ef4   0x0000022c   Code   RO         7971    i.ArmTrajectory_StartJointTarget  armtrajectory.o
    0x08002120   0x08002120   0x00000010   Code   RO         7973    i.ArmTrajectory_Theta1FromBase  armtrajectory.o
    0x08002130   0x08002130   0x0000001c   Code   RO         7974    i.ArmTrajectory_Theta2FromJoint  armtrajectory.o
    0x0800214c   0x0800214c   0x000000c2   Code   RO         7975    i.ArmTrajectory_Update  armtrajectory.o
    0x0800220e   0x0800220e   0x00000002   PAD
    0x08002210   0x08002210   0x00000054   Code   RO         7976    i.ArmTrajectory_UpdateMeasure  armtrajectory.o
    0x08002264   0x08002264   0x00000030   Code   RO         7589    i.Arm_ActReset      action.o
    0x08002294   0x08002294   0x00000012   Code   RO         7590    i.Arm_BeginCommandUpdate  action.o
    0x080022a6   0x080022a6   0x00000002   PAD
    0x080022a8   0x080022a8   0x000001e8   Code   RO         7591    i.Arm_Exec          action.o
    0x08002490   0x08002490   0x00000024   Code   RO         7592    i.Arm_HasTrajectoryFeedback  action.o
    0x080024b4   0x080024b4   0x00000118   Code   RO         7593    i.Arm_IsBigCommandValid  action.o
    0x080025cc   0x080025cc   0x00000048   Code   RO         7594    i.Arm_Is_Available  action.o
    0x08002614   0x08002614   0x000001b0   Code   RO         7595    i.Arm_Is_Done       action.o
    0x080027c4   0x080027c4   0x00000050   Code   RO         7596    i.Arm_PublishBigCommand  action.o
    0x08002814   0x08002814   0x0000001a   Code   RO         7597    i.Arm_PublishBigStopCommand  action.o
    0x0800282e   0x0800282e   0x00000002   PAD
    0x08002830   0x08002830   0x00000060   Code   RO         7598    i.Arm_PublishSmallPositionCommand  action.o
    0x08002890   0x08002890   0x0000001a   Code   RO         7599    i.Arm_PublishSmallStopCommand  action.o
    0x080028aa   0x080028aa   0x00000002   PAD
    0x080028ac   0x080028ac   0x000000a0   Code   RO         7600    i.Arm_PublishStartupCommands  action.o
    0x0800294c   0x0800294c   0x000000b8   Code   RO         7601    i.Arm_PublishTrajectoryCommand  action.o
    0x08002a04   0x08002a04   0x00000002   Code   RO          426    i.BusFault_Handler  stm32h7xx_it.o
    0x08002a06   0x08002a06   0x0000002e   Code   RO         8733    i.COM_UART_EnsureReceive  com_uart.o
    0x08002a34   0x08002a34   0x00000024   Code   RO         8734    i.COM_UART_FindPort  com_uart.o
    0x08002a58   0x08002a58   0x00000094   Code   RO         8735    i.COM_UART_Init     com_uart.o
    0x08002aec   0x08002aec   0x00000034   Code   RO         8736    i.COM_UART_SetReceiveLength  com_uart.o
    0x08002b20   0x08002b20   0x0000003a   Code   RO         8737    i.COM_UART_StartReceive  com_uart.o
    0x08002b5a   0x08002b5a   0x00000038   Code   RO         8738    i.COM_UART_StopReceive  com_uart.o
    0x08002b92   0x08002b92   0x00000002   PAD
    0x08002b94   0x08002b94   0x00000220   Code   RO         2989    i.DMA_SetConfig     stm32h7xx_hal_dma.o
    0x08002db4   0x08002db4   0x000002c4   Code   RO         8359    i.DamiaoComm_ApplyCommand  damiao_comm_port.o
    0x08003078   0x08003078   0x00000044   Code   RO         8360    i.DamiaoComm_Configure  damiao_comm_port.o
    0x080030bc   0x080030bc   0x00000054   Code   RO         8362    i.DamiaoComm_Init   damiao_comm_port.o
    0x08003110   0x08003110   0x0000007c   Code   RO         8363    i.DamiaoComm_ProcessAndTransmit  damiao_comm_port.o
    0x0800318c   0x0800318c   0x00000038   Code   RO         8364    i.DamiaoComm_SetEnabled  damiao_comm_port.o
    0x080031c4   0x080031c4   0x00000088   Code   RO         8365    i.DamiaoComm_TryReadCommand  damiao_comm_port.o
    0x0800324c   0x0800324c   0x00000028   Code   RO         7070    i.DamiaoMotor_ClearCommand  dm_motor.o
    0x08003274   0x08003274   0x00000148   Code   RO         7072    i.DamiaoMotor_Control_Update  dm_motor.o
    0x080033bc   0x080033bc   0x00000018   Code   RO         7073    i.DamiaoMotor_Disable  dm_motor.o
    0x080033d4   0x080033d4   0x0000000c   Code   RO         7074    i.DamiaoMotor_Enable  dm_motor.o
    0x080033e0   0x080033e0   0x00000024   Code   RO         7075    i.DamiaoMotor_GetModeId  dm_motor.o
    0x08003404   0x08003404   0x0000002c   Code   RO         7076    i.DamiaoMotor_GetModelParameters  dm_motor.o
    0x08003430   0x08003430   0x00000046   Code   RO         7077    i.DamiaoMotor_Init  dm_motor.o
    0x08003476   0x08003476   0x0000001e   Code   RO         7078    i.DamiaoMotor_IsControlModeSupported  dm_motor.o
    0x08003494   0x08003494   0x0000000e   Code   RO         7079    i.DamiaoMotor_IsTypeSupported  dm_motor.o
    0x080034a2   0x080034a2   0x00000002   PAD
    0x080034a4   0x080034a4   0x000001b8   Code   RO         7080    i.DamiaoMotor_PackMIT  dm_motor.o
    0x0800365c   0x0800365c   0x00000040   Code   RO         7081    i.DamiaoMotor_RxHandler  dm_motor.o
    0x0800369c   0x0800369c   0x00000034   Code   RO         7083    i.DamiaoMotor_SendCommand  dm_motor.o
    0x080036d0   0x080036d0   0x00000052   Code   RO         7084    i.DamiaoMotor_SendFrame  dm_motor.o
    0x08003722   0x08003722   0x00000002   PAD
    0x08003724   0x08003724   0x0000010c   Code   RO         7085    i.DamiaoMotor_Transmit  dm_motor.o
    0x08003830   0x08003830   0x00000130   Code   RO         7086    i.DamiaoMotor_UnpackFeedback  dm_motor.o
    0x08003960   0x08003960   0x00000002   Code   RO          427    i.DebugMon_Handler  stm32h7xx_it.o
    0x08003962   0x08003962   0x00000004   Code   RO           13    i.Error_Handler     main.o
    0x08003966   0x08003966   0x00000002   PAD
    0x08003968   0x08003968   0x0000001c   Code   RO         5140    i.ExitRun0Mode      system_stm32h7xx.o
    0x08003984   0x08003984   0x0000000c   Code   RO          428    i.FDCAN1_IT0_IRQHandler  stm32h7xx_it.o
    0x08003990   0x08003990   0x000001c8   Code   RO         1725    i.FDCAN_CalculateRamBlockAddresses  stm32h7xx_hal_fdcan.o
    0x08003b58   0x08003b58   0x0000007c   Code   RO         1726    i.FDCAN_CopyMessageToRAM  stm32h7xx_hal_fdcan.o
    0x08003bd4   0x08003bd4   0x00000034   Code   RO         8105    i.FDCAN_DataLengthToLength  fdcan_basic.o
    0x08003c08   0x08003c08   0x00000010   Code   RO         8108    i.FDCAN_GetDevice   fdcan_basic.o
    0x08003c18   0x08003c18   0x00000014   Code   RO         8109    i.FDCAN_GetDeviceByHandle  fdcan_basic.o
    0x08003c2c   0x08003c2c   0x00000034   Code   RO         8111    i.FDCAN_LengthToDataLength  fdcan_basic.o
    0x08003c60   0x08003c60   0x0000003c   Code   RO         8305    i.FDCAN_RxDispatcher_Dispatch  fdcan_rxdispatcher.o
    0x08003c9c   0x08003c9c   0x0000005c   Code   RO         8306    i.FDCAN_RxDispatcher_Register  fdcan_rxdispatcher.o
    0x08003cf8   0x08003cf8   0x0000001c   Code   RO         8307    i.FDCAN_RxDispatcher_Reset  fdcan_rxdispatcher.o
    0x08003d14   0x08003d14   0x0000002c   Code   RO         8112    i.FDCAN_Service     fdcan_basic.o
    0x08003d40   0x08003d40   0x00000010   Code   RO         8113    i.FDCAN_SetError    fdcan_basic.o
    0x08003d50   0x08003d50   0x0000009c   Code   RO         8114    i.FDCAN_Start       fdcan_basic.o
    0x08003dec   0x08003dec   0x0000002e   Code   RO         8117    i.FDCAN_Transmit_Message  fdcan_basic.o
    0x08003e1a   0x08003e1a   0x00000002   PAD
    0x08003e1c   0x08003e1c   0x00000360   Code   RO         2990    i.HAL_DMA_Abort     stm32h7xx_hal_dma.o
    0x0800417c   0x0800417c   0x0000021c   Code   RO         2991    i.HAL_DMA_Abort_IT  stm32h7xx_hal_dma.o
    0x08004398   0x08004398   0x00000004   Code   RO         2993    i.HAL_DMA_GetError  stm32h7xx_hal_dma.o
    0x0800439c   0x0800439c   0x0000029c   Code   RO         3000    i.HAL_DMA_Start_IT  stm32h7xx_hal_dma.o
    0x08004638   0x08004638   0x00000088   Code   RO         1728    i.HAL_FDCAN_ActivateNotification  stm32h7xx_hal_fdcan.o
    0x080046c0   0x080046c0   0x00000066   Code   RO         1730    i.HAL_FDCAN_AddMessageToTxFifoQ  stm32h7xx_hal_fdcan.o
    0x08004726   0x08004726   0x00000002   Code   RO         1731    i.HAL_FDCAN_ClockCalibrationCallback  stm32h7xx_hal_fdcan.o
    0x08004728   0x08004728   0x00000032   Code   RO         1736    i.HAL_FDCAN_ConfigGlobalFilter  stm32h7xx_hal_fdcan.o
    0x0800475a   0x0800475a   0x00000030   Code   RO         1737    i.HAL_FDCAN_ConfigInterruptLines  stm32h7xx_hal_fdcan.o
    0x0800478a   0x0800478a   0x0000001e   Code   RO         8118    i.HAL_FDCAN_ErrorCallback  fdcan_basic.o
    0x080047a8   0x080047a8   0x00000026   Code   RO         8119    i.HAL_FDCAN_ErrorStatusCallback  fdcan_basic.o
    0x080047ce   0x080047ce   0x00000002   PAD
    0x080047d0   0x080047d0   0x00000018   Code   RO         1768    i.HAL_FDCAN_GetRxFifoFillLevel  stm32h7xx_hal_fdcan.o
    0x080047e8   0x080047e8   0x000001a0   Code   RO         1769    i.HAL_FDCAN_GetRxMessage  stm32h7xx_hal_fdcan.o
    0x08004988   0x08004988   0x00000002   Code   RO         1775    i.HAL_FDCAN_HighPriorityMessageCallback  stm32h7xx_hal_fdcan.o
    0x0800498a   0x0800498a   0x00000002   PAD
    0x0800498c   0x0800498c   0x00000320   Code   RO         1776    i.HAL_FDCAN_IRQHandler  stm32h7xx_hal_fdcan.o
    0x08004cac   0x08004cac   0x00000244   Code   RO         1777    i.HAL_FDCAN_Init    stm32h7xx_hal_fdcan.o
    0x08004ef0   0x08004ef0   0x000000ac   Code   RO          343    i.HAL_FDCAN_MspInit  fdcan.o
    0x08004f9c   0x08004f9c   0x00000002   Code   RO         1786    i.HAL_FDCAN_RxBufferNewMessageCallback  stm32h7xx_hal_fdcan.o
    0x08004f9e   0x08004f9e   0x00000002   PAD
    0x08004fa0   0x08004fa0   0x000000e4   Code   RO         8309    i.HAL_FDCAN_RxFifo0Callback  fdcan_rxdispatcher.o
    0x08005084   0x08005084   0x00000002   Code   RO         1788    i.HAL_FDCAN_RxFifo1Callback  stm32h7xx_hal_fdcan.o
    0x08005086   0x08005086   0x00000032   Code   RO         1789    i.HAL_FDCAN_Start   stm32h7xx_hal_fdcan.o
    0x080050b8   0x080050b8   0x0000007e   Code   RO         1790    i.HAL_FDCAN_Stop    stm32h7xx_hal_fdcan.o
    0x08005136   0x08005136   0x00000002   Code   RO         1811    i.HAL_FDCAN_TT_GlobalTimeCallback  stm32h7xx_hal_fdcan.o
    0x08005138   0x08005138   0x00000002   Code   RO         1812    i.HAL_FDCAN_TT_ScheduleSyncCallback  stm32h7xx_hal_fdcan.o
    0x0800513a   0x0800513a   0x00000002   Code   RO         1817    i.HAL_FDCAN_TT_StopWatchCallback  stm32h7xx_hal_fdcan.o
    0x0800513c   0x0800513c   0x00000002   Code   RO         1818    i.HAL_FDCAN_TT_TimeMarkCallback  stm32h7xx_hal_fdcan.o
    0x0800513e   0x0800513e   0x00000002   Code   RO         1819    i.HAL_FDCAN_TimeoutOccurredCallback  stm32h7xx_hal_fdcan.o
    0x08005140   0x08005140   0x00000002   Code   RO         1820    i.HAL_FDCAN_TimestampWraparoundCallback  stm32h7xx_hal_fdcan.o
    0x08005142   0x08005142   0x00000002   Code   RO         1821    i.HAL_FDCAN_TxBufferAbortCallback  stm32h7xx_hal_fdcan.o
    0x08005144   0x08005144   0x00000002   Code   RO         1822    i.HAL_FDCAN_TxBufferCompleteCallback  stm32h7xx_hal_fdcan.o
    0x08005146   0x08005146   0x00000002   Code   RO         1823    i.HAL_FDCAN_TxEventFifoCallback  stm32h7xx_hal_fdcan.o
    0x08005148   0x08005148   0x00000002   Code   RO         1824    i.HAL_FDCAN_TxFifoEmptyCallback  stm32h7xx_hal_fdcan.o
    0x0800514a   0x0800514a   0x00000002   PAD
    0x0800514c   0x0800514c   0x00000234   Code   RO         2838    i.HAL_GPIO_Init     stm32h7xx_hal_gpio.o
    0x08005380   0x08005380   0x0000000c   Code   RO         3710    i.HAL_GetREVID      stm32h7xx_hal.o
    0x0800538c   0x0800538c   0x0000000c   Code   RO         3711    i.HAL_GetTick       stm32h7xx_hal.o
    0x08005398   0x08005398   0x00000010   Code   RO         3717    i.HAL_IncTick       stm32h7xx_hal.o
    0x080053a8   0x080053a8   0x0000005c   Code   RO         3718    i.HAL_Init          stm32h7xx_hal.o
    0x08005404   0x08005404   0x0000008c   Code   RO          526    i.HAL_InitTick      stm32h7xx_hal_timebase_tim.o
    0x08005490   0x08005490   0x0000005c   Code   RO         1573    i.HAL_MPU_ConfigRegion  stm32h7xx_hal_cortex.o
    0x080054ec   0x080054ec   0x0000001c   Code   RO         1574    i.HAL_MPU_Disable   stm32h7xx_hal_cortex.o
    0x08005508   0x08005508   0x00000024   Code   RO         1576    i.HAL_MPU_Enable    stm32h7xx_hal_cortex.o
    0x0800552c   0x0800552c   0x00000024   Code   RO          502    i.HAL_MspInit       stm32h7xx_hal_msp.o
    0x08005550   0x08005550   0x0000001a   Code   RO         1580    i.HAL_NVIC_EnableIRQ  stm32h7xx_hal_cortex.o
    0x0800556a   0x0800556a   0x00000002   PAD
    0x0800556c   0x0800556c   0x00000040   Code   RO         1586    i.HAL_NVIC_SetPriority  stm32h7xx_hal_cortex.o
    0x080055ac   0x080055ac   0x00000024   Code   RO         1587    i.HAL_NVIC_SetPriorityGrouping  stm32h7xx_hal_cortex.o
    0x080055d0   0x080055d0   0x00000054   Code   RO         3439    i.HAL_PWREx_ConfigSupply  stm32h7xx_hal_pwr_ex.o
    0x08005624   0x08005624   0x00000024   Code   RO         2459    i.HAL_RCCEx_GetD3PCLK1Freq  stm32h7xx_hal_rcc_ex.o
    0x08005648   0x08005648   0x00000144   Code   RO         2461    i.HAL_RCCEx_GetPLL2ClockFreq  stm32h7xx_hal_rcc_ex.o
    0x0800578c   0x0800578c   0x00000144   Code   RO         2462    i.HAL_RCCEx_GetPLL3ClockFreq  stm32h7xx_hal_rcc_ex.o
    0x080058d0   0x080058d0   0x000009ac   Code   RO         2468    i.HAL_RCCEx_PeriphCLKConfig  stm32h7xx_hal_rcc_ex.o
    0x0800627c   0x0800627c   0x0000025c   Code   RO         2344    i.HAL_RCC_ClockConfig  stm32h7xx_hal_rcc.o
    0x080064d8   0x080064d8   0x0000005c   Code   RO         2348    i.HAL_RCC_GetClockConfig  stm32h7xx_hal_rcc.o
    0x08006534   0x08006534   0x00000044   Code   RO         2349    i.HAL_RCC_GetHCLKFreq  stm32h7xx_hal_rcc.o
    0x08006578   0x08006578   0x00000024   Code   RO         2351    i.HAL_RCC_GetPCLK1Freq  stm32h7xx_hal_rcc.o
    0x0800659c   0x0800659c   0x00000024   Code   RO         2352    i.HAL_RCC_GetPCLK2Freq  stm32h7xx_hal_rcc.o
    0x080065c0   0x080065c0   0x00000138   Code   RO         2353    i.HAL_RCC_GetSysClockFreq  stm32h7xx_hal_rcc.o
    0x080066f8   0x080066f8   0x00000582   Code   RO         2356    i.HAL_RCC_OscConfig  stm32h7xx_hal_rcc.o
    0x08006c7a   0x08006c7a   0x00000002   PAD
    0x08006c7c   0x08006c7c   0x0000008c   Code   RO         5021    i.HAL_RS485Ex_Init  stm32h7xx_hal_uart_ex.o
    0x08006d08   0x08006d08   0x00000002   Code   RO         1281    i.HAL_TIMEx_Break2Callback  stm32h7xx_hal_tim_ex.o
    0x08006d0a   0x08006d0a   0x00000002   Code   RO         1282    i.HAL_TIMEx_BreakCallback  stm32h7xx_hal_tim_ex.o
    0x08006d0c   0x08006d0c   0x00000002   Code   RO         1283    i.HAL_TIMEx_CommutCallback  stm32h7xx_hal_tim_ex.o
    0x08006d0e   0x08006d0e   0x00000062   Code   RO          567    i.HAL_TIM_Base_Init  stm32h7xx_hal_tim.o
    0x08006d70   0x08006d70   0x00000002   Code   RO          569    i.HAL_TIM_Base_MspInit  stm32h7xx_hal_tim.o
    0x08006d72   0x08006d72   0x00000002   PAD
    0x08006d74   0x08006d74   0x0000008c   Code   RO          572    i.HAL_TIM_Base_Start_IT  stm32h7xx_hal_tim.o
    0x08006e00   0x08006e00   0x00000002   Code   RO          601    i.HAL_TIM_IC_CaptureCallback  stm32h7xx_hal_tim.o
    0x08006e02   0x08006e02   0x00000148   Code   RO          615    i.HAL_TIM_IRQHandler  stm32h7xx_hal_tim.o
    0x08006f4a   0x08006f4a   0x00000002   Code   RO          618    i.HAL_TIM_OC_DelayElapsedCallback  stm32h7xx_hal_tim.o
    0x08006f4c   0x08006f4c   0x00000002   Code   RO          645    i.HAL_TIM_PWM_PulseFinishedCallback  stm32h7xx_hal_tim.o
    0x08006f4e   0x08006f4e   0x00000002   PAD
    0x08006f50   0x08006f50   0x00000014   Code   RO           14    i.HAL_TIM_PeriodElapsedCallback  main.o
    0x08006f64   0x08006f64   0x00000002   Code   RO          658    i.HAL_TIM_TriggerCallback  stm32h7xx_hal_tim.o
    0x08006f66   0x08006f66   0x00000040   Code   RO         5022    i.HAL_UARTEx_DisableFifoMode  stm32h7xx_hal_uart_ex.o
    0x08006fa6   0x08006fa6   0x00000048   Code   RO         5024    i.HAL_UARTEx_EnableFifoMode  stm32h7xx_hal_uart_ex.o
    0x08006fee   0x08006fee   0x0000004e   Code   RO         5029    i.HAL_UARTEx_ReceiveToIdle_IT  stm32h7xx_hal_uart_ex.o
    0x0800703c   0x0800703c   0x00000058   Code   RO         8739    i.HAL_UARTEx_RxEventCallback  com_uart.o
    0x08007094   0x08007094   0x00000002   Code   RO         5030    i.HAL_UARTEx_RxFifoFullCallback  stm32h7xx_hal_uart_ex.o
    0x08007096   0x08007096   0x0000004c   Code   RO         5031    i.HAL_UARTEx_SetRxFifoThreshold  stm32h7xx_hal_uart_ex.o
    0x080070e2   0x080070e2   0x0000004c   Code   RO         5032    i.HAL_UARTEx_SetTxFifoThreshold  stm32h7xx_hal_uart_ex.o
    0x0800712e   0x0800712e   0x00000002   Code   RO         5034    i.HAL_UARTEx_TxFifoEmptyCallback  stm32h7xx_hal_uart_ex.o
    0x08007130   0x08007130   0x00000002   Code   RO         5035    i.HAL_UARTEx_WakeupCallback  stm32h7xx_hal_uart_ex.o
    0x08007132   0x08007132   0x00000002   PAD
    0x08007134   0x08007134   0x000000a8   Code   RO         4614    i.HAL_UART_AbortReceive  stm32h7xx_hal_uart.o
    0x080071dc   0x080071dc   0x00000096   Code   RO         8740    i.HAL_UART_ErrorCallback  com_uart.o
    0x08007272   0x08007272   0x00000002   PAD
    0x08007274   0x08007274   0x0000039c   Code   RO         4630    i.HAL_UART_IRQHandler  stm32h7xx_hal_uart.o
    0x08007610   0x08007610   0x000000d4   Code   RO          385    i.HAL_UART_MspInit  usart.o
    0x080076e4   0x080076e4   0x00000002   Code   RO         4638    i.HAL_UART_RxCpltCallback  stm32h7xx_hal_uart.o
    0x080076e6   0x080076e6   0x00000002   PAD
    0x080076e8   0x080076e8   0x000000b8   Code   RO         4640    i.HAL_UART_Transmit  stm32h7xx_hal_uart.o
    0x080077a0   0x080077a0   0x00000090   Code   RO         4641    i.HAL_UART_Transmit_DMA  stm32h7xx_hal_uart.o
    0x08007830   0x08007830   0x00000002   Code   RO         4643    i.HAL_UART_TxCpltCallback  stm32h7xx_hal_uart.o
    0x08007832   0x08007832   0x00000002   Code   RO         4644    i.HAL_UART_TxHalfCpltCallback  stm32h7xx_hal_uart.o
    0x08007834   0x08007834   0x00000002   Code   RO          429    i.HardFault_Handler  stm32h7xx_it.o
    0x08007836   0x08007836   0x00000026   Code   RO         6363    i.IRQ_Context       cmsis_os2.o
    0x0800785c   0x0800785c   0x0000006c   Code   RO          344    i.MX_FDCAN1_Init    fdcan.o
    0x080078c8   0x080078c8   0x00000078   Code   RO          289    i.MX_FREERTOS_Init  freertos.o
    0x08007940   0x08007940   0x0000003c   Code   RO          265    i.MX_GPIO_Init      gpio.o
    0x0800797c   0x0800797c   0x00000088   Code   RO          386    i.MX_USART1_UART_Init  usart.o
    0x08007a04   0x08007a04   0x000001c4   Code   RO         8523    i.MYACTUATOR_Comm_ApplyCommand  myactuator_comm_port.o
    0x08007bc8   0x08007bc8   0x00000028   Code   RO         8524    i.MYACTUATOR_Comm_Configure  myactuator_comm_port.o
    0x08007bf0   0x08007bf0   0x00000038   Code   RO         8526    i.MYACTUATOR_Comm_Init  myactuator_comm_port.o
    0x08007c28   0x08007c28   0x0000002c   Code   RO         8527    i.MYACTUATOR_Comm_ProcessAndTransmit  myactuator_comm_port.o
    0x08007c54   0x08007c54   0x00000028   Code   RO         8528    i.MYACTUATOR_Comm_SetEnabled  myactuator_comm_port.o
    0x08007c7c   0x08007c7c   0x00000074   Code   RO         8529    i.MYACTUATOR_Comm_TryReadCommand  myactuator_comm_port.o
    0x08007cf0   0x08007cf0   0x00000048   Code   RO         7192    i.MYACTUATOR_FloatToUint  myactuator_motor.o
    0x08007d38   0x08007d38   0x0000003a   Code   RO         7193    i.MYACTUATOR_Motor_ControlUpdate  myactuator_motor.o
    0x08007d72   0x08007d72   0x0000001a   Code   RO         7194    i.MYACTUATOR_Motor_Init  myactuator_motor.o
    0x08007d8c   0x08007d8c   0x000001a4   Code   RO         7195    i.MYACTUATOR_Motor_ProcessFrame  myactuator_motor.o
    0x08007f30   0x08007f30   0x00000004   Code   RO         7198    i.MYACTUATOR_Motor_RxHandler  myactuator_motor.o
    0x08007f34   0x08007f34   0x00000006   Code   RO         7200    i.MYACTUATOR_Motor_Stop  myactuator_motor.o
    0x08007f3a   0x08007f3a   0x00000002   PAD
    0x08007f3c   0x08007f3c   0x00000094   Code   RO         7201    i.MYACTUATOR_Motor_Transmit  myactuator_motor.o
    0x08007fd0   0x08007fd0   0x00000012   Code   RO         7202    i.MYACTUATOR_PutI32LE  myactuator_motor.o
    0x08007fe2   0x08007fe2   0x00000044   Code   RO         7203    i.MYACTUATOR_Send   myactuator_motor.o
    0x08008026   0x08008026   0x00000002   PAD
    0x08008028   0x08008028   0x000000d0   Code   RO         7204    i.MYACTUATOR_SendMotion  myactuator_motor.o
    0x080080f8   0x080080f8   0x00000090   Code   RO         7205    i.MYACTUATOR_SendPosition  myactuator_motor.o
    0x08008188   0x08008188   0x0000001e   Code   RO         7206    i.MYACTUATOR_SendSimpleCommand  myactuator_motor.o
    0x080081a6   0x080081a6   0x00000002   PAD
    0x080081a8   0x080081a8   0x00000074   Code   RO         7207    i.MYACTUATOR_SendTorque  myactuator_motor.o
    0x0800821c   0x0800821c   0x00000028   Code   RO         7208    i.MYACTUATOR_UintToFloat  myactuator_motor.o
    0x08008244   0x08008244   0x0000001c   Code   RO         7209    i.MYACTUATOR_UpdateFeedbackReady  myactuator_motor.o
    0x08008260   0x08008260   0x00000002   Code   RO          430    i.MemManage_Handler  stm32h7xx_it.o
    0x08008262   0x08008262   0x00000002   PAD
    0x08008264   0x08008264   0x00000164   Code   RO         8434    i.MotorComm_ApplyUnitreeCommand  motor_comm_port.o
    0x080083c8   0x080083c8   0x00000050   Code   RO         8435    i.MotorComm_ConfigureUnitree  motor_comm_port.o
    0x08008418   0x08008418   0x00000028   Code   RO         8436    i.MotorComm_EnsureUnitreePort  motor_comm_port.o
    0x08008440   0x08008440   0x0000004c   Code   RO         8437    i.MotorComm_Init    motor_comm_port.o
    0x0800848c   0x0800848c   0x0000005e   Code   RO         8438    i.MotorComm_OnUnitreeData  motor_comm_port.o
    0x080084ea   0x080084ea   0x00000002   PAD
    0x080084ec   0x080084ec   0x00000028   Code   RO         8439    i.MotorComm_ProcessAndTransmit  motor_comm_port.o
    0x08008514   0x08008514   0x0000000c   Code   RO         8440    i.MotorComm_SetReceiveLength  motor_comm_port.o
    0x08008520   0x08008520   0x0000001c   Code   RO         8441    i.MotorComm_StartUnitreeReceive  motor_comm_port.o
    0x0800853c   0x0800853c   0x00000074   Code   RO         8442    i.MotorComm_TryReadUnitreeCommand  motor_comm_port.o
    0x080085b0   0x080085b0   0x00000094   Code   RO         8669    i.MotorTask         task.o
    0x08008644   0x08008644   0x00000002   Code   RO          431    i.NMI_Handler       stm32h7xx_it.o
    0x08008646   0x08008646   0x00000002   PAD
    0x08008648   0x08008648   0x00000040   Code   RO         7558    i.Pid_Compensate    pid.o
    0x08008688   0x08008688   0x00000038   Code   RO         7559    i.Pid_Limit         pid.o
    0x080086c0   0x080086c0   0x00000160   Code   RO         7560    i.Pid_Regulate      pid.o
    0x08008820   0x08008820   0x00000080   Code   RO         7561    i.Pid_Regulate_Auto  pid.o
    0x080088a0   0x080088a0   0x0000003a   Code   RO         7087    i.Process_Damiao_Motor_Frame  dm_motor.o
    0x080088da   0x080088da   0x00000002   PAD
    0x080088dc   0x080088dc   0x00000174   Code   RO         7312    i.Process_RobStride_Motor_Frame  robstride_motor.o
    0x08008a50   0x08008a50   0x000000d8   Code   RO         7443    i.Process_Unitree_Motor_Byte  unitree_motor.o
    0x08008b28   0x08008b28   0x00000120   Code   RO         2471    i.RCCEx_PLL2_Config  stm32h7xx_hal_rcc_ex.o
    0x08008c48   0x08008c48   0x00000120   Code   RO         2472    i.RCCEx_PLL3_Config  stm32h7xx_hal_rcc_ex.o
    0x08008d68   0x08008d68   0x000001b4   Code   RO         8595    i.RobStrideComm_ApplyCommand  robstride_comm_port.o
    0x08008f1c   0x08008f1c   0x0000003c   Code   RO         8596    i.RobStrideComm_Configure  robstride_comm_port.o
    0x08008f58   0x08008f58   0x0000003c   Code   RO         8598    i.RobStrideComm_Init  robstride_comm_port.o
    0x08008f94   0x08008f94   0x00000048   Code   RO         8599    i.RobStrideComm_ProcessAndTransmit  robstride_comm_port.o
    0x08008fdc   0x08008fdc   0x00000030   Code   RO         8600    i.RobStrideComm_SetEnabled  robstride_comm_port.o
    0x0800900c   0x0800900c   0x00000074   Code   RO         8601    i.RobStrideComm_TryReadCommand  robstride_comm_port.o
    0x08009080   0x08009080   0x00000036   Code   RO         7313    i.RobStrideMotor_CheckScanDone  robstride_motor.o
    0x080090b6   0x080090b6   0x00000002   PAD
    0x080090b8   0x080090b8   0x00000120   Code   RO         7314    i.RobStrideMotor_ConfigType  robstride_motor.o
    0x080091d8   0x080091d8   0x000000b8   Code   RO         7315    i.RobStrideMotor_Control_Update  robstride_motor.o
    0x08009290   0x08009290   0x00000008   Code   RO         7316    i.RobStrideMotor_Disable  robstride_motor.o
    0x08009298   0x08009298   0x00000008   Code   RO         7317    i.RobStrideMotor_Enable  robstride_motor.o
    0x080092a0   0x080092a0   0x0000005c   Code   RO         7319    i.RobStrideMotor_HandleScan  robstride_motor.o
    0x080092fc   0x080092fc   0x00000060   Code   RO         7320    i.RobStrideMotor_Init  robstride_motor.o
    0x0800935c   0x0800935c   0x00000194   Code   RO         7321    i.RobStrideMotor_PackMIT  robstride_motor.o
    0x080094f0   0x080094f0   0x00000060   Code   RO         7322    i.RobStrideMotor_RxHandler  robstride_motor.o
    0x08009550   0x08009550   0x00000026   Code   RO         7323    i.RobStrideMotor_SendCmd  robstride_motor.o
    0x08009576   0x08009576   0x00000056   Code   RO         7324    i.RobStrideMotor_SendFrame  robstride_motor.o
    0x080095cc   0x080095cc   0x00000048   Code   RO         7325    i.RobStrideMotor_SendRaw  robstride_motor.o
    0x08009614   0x08009614   0x000000b8   Code   RO         7330    i.RobStrideMotor_Transmit  robstride_motor.o
    0x080096cc   0x080096cc   0x00000008   Code   RO          290    i.StartDefaultTask  freertos.o
    0x080096d4   0x080096d4   0x0000001a   Code   RO         6365    i.SysTick_Handler   cmsis_os2.o
    0x080096ee   0x080096ee   0x00000002   PAD
    0x080096f0   0x080096f0   0x000000a8   Code   RO           15    i.SystemClock_Config  main.o
    0x08009798   0x08009798   0x000000f8   Code   RO         5142    i.SystemInit        system_stm32h7xx.o
    0x08009890   0x08009890   0x0000000c   Code   RO          432    i.TIM7_IRQHandler   stm32h7xx_it.o
    0x0800989c   0x0800989c   0x000000cc   Code   RO          660    i.TIM_Base_SetConfig  stm32h7xx_hal_tim.o
    0x08009968   0x08009968   0x00000064   Code   RO         8670    i.TaskAction        task.o
    0x080099cc   0x080099cc   0x00000040   Code   RO         8671    i.TaskAction_Init   task.o
    0x08009a0c   0x08009a0c   0x000000ac   Code   RO         8672    i.TaskAction_ProcessRequests  task.o
    0x08009ab8   0x08009ab8   0x00000028   Code   RO         8673    i.TaskAction_PublishResult  task.o
    0x08009ae0   0x08009ae0   0x00000044   Code   RO         5036    i.UARTEx_SetNbDataToProcess  stm32h7xx_hal_uart_ex.o
    0x08009b24   0x08009b24   0x000000c8   Code   RO         4645    i.UART_AdvFeatureConfig  stm32h7xx_hal_uart.o
    0x08009bec   0x08009bec   0x000000aa   Code   RO         4646    i.UART_CheckIdleState  stm32h7xx_hal_uart.o
    0x08009c96   0x08009c96   0x0000000a   Code   RO         4647    i.UART_DMAAbortOnError  stm32h7xx_hal_uart.o
    0x08009ca0   0x08009ca0   0x00000044   Code   RO         4648    i.UART_DMAError     stm32h7xx_hal_uart.o
    0x08009ce4   0x08009ce4   0x00000040   Code   RO         4653    i.UART_DMATransmitCplt  stm32h7xx_hal_uart.o
    0x08009d24   0x08009d24   0x0000000a   Code   RO         4655    i.UART_DMATxHalfCplt  stm32h7xx_hal_uart.o
    0x08009d2e   0x08009d2e   0x00000002   PAD
    0x08009d30   0x08009d30   0x00000054   Code   RO         4657    i.UART_EndRxTransfer  stm32h7xx_hal_uart.o
    0x08009d84   0x08009d84   0x0000002e   Code   RO         4658    i.UART_EndTxTransfer  stm32h7xx_hal_uart.o
    0x08009db2   0x08009db2   0x00000002   PAD
    0x08009db4   0x08009db4   0x000000c8   Code   RO         4659    i.UART_RxISR_16BIT  stm32h7xx_hal_uart.o
    0x08009e7c   0x08009e7c   0x000001a0   Code   RO         4660    i.UART_RxISR_16BIT_FIFOEN  stm32h7xx_hal_uart.o
    0x0800a01c   0x0800a01c   0x000000c8   Code   RO         4661    i.UART_RxISR_8BIT   stm32h7xx_hal_uart.o
    0x0800a0e4   0x0800a0e4   0x000001a0   Code   RO         4662    i.UART_RxISR_8BIT_FIFOEN  stm32h7xx_hal_uart.o
    0x0800a284   0x0800a284   0x000003ac   Code   RO         4663    i.UART_SetConfig    stm32h7xx_hal_uart.o
    0x0800a630   0x0800a630   0x00000110   Code   RO         4665    i.UART_Start_Receive_IT  stm32h7xx_hal_uart.o
    0x0800a740   0x0800a740   0x00000094   Code   RO         4670    i.UART_WaitOnFlagUntilTimeout  stm32h7xx_hal_uart.o
    0x0800a7d4   0x0800a7d4   0x0000000c   Code   RO          433    i.USART1_IRQHandler  stm32h7xx_it.o
    0x0800a7e0   0x0800a7e0   0x0000006c   Code   RO         7444    i.UnitreeMotor_Control_Update  unitree_motor.o
    0x0800a84c   0x0800a84c   0x000000ec   Code   RO         7445    i.UnitreeMotor_Init  unitree_motor.o
    0x0800a938   0x0800a938   0x00000214   Code   RO         7446    i.UnitreeMotor_PackCmd  unitree_motor.o
    0x0800ab4c   0x0800ab4c   0x0000008c   Code   RO         7448    i.UnitreeMotor_Transmit_DMA  unitree_motor.o
    0x0800abd8   0x0800abd8   0x00000122   Code   RO         7449    i.UnitreeMotor_UnpackFbk  unitree_motor.o
    0x0800acfa   0x0800acfa   0x00000074   Code   RO         7450    i.UnitreeMotor_UpdateConnection  unitree_motor.o
    0x0800ad6e   0x0800ad6e   0x00000002   Code   RO          434    i.UsageFault_Handler  stm32h7xx_it.o
    0x0800ad70   0x0800ad70   0x000000e0   Code   RO         7860    i._Bezier2Path      arm2r.o
    0x0800ae50   0x0800ae50   0x00000124   Code   RO         7862    i._Bezier3Path      arm2r.o
    0x0800af74   0x0800af74   0x00000042   Code   RO         7863    i._LinearPath       arm2r.o
    0x0800afb6   0x0800afb6   0x00000026   Code   RO         8905    i.__ARM_fpclassifyf  m_wv.l(fpclassifyf.o)
    0x0800afdc   0x0800afdc   0x0000000e   Code   RO         7602    i.__ARM_isfinitef   action.o
    0x0800afea   0x0800afea   0x0000000e   Code   RO         7977    i.__ARM_isfinitef   armtrajectory.o
    0x0800aff8   0x0800aff8   0x0000000e   Code   RO         8366    i.__ARM_isfinitef   damiao_comm_port.o
    0x0800b006   0x0800b006   0x0000000e   Code   RO         8443    i.__ARM_isfinitef   motor_comm_port.o
    0x0800b014   0x0800b014   0x0000000e   Code   RO         8530    i.__ARM_isfinitef   myactuator_comm_port.o
    0x0800b022   0x0800b022   0x0000000e   Code   RO         8602    i.__ARM_isfinitef   robstride_comm_port.o
    0x0800b030   0x0800b030   0x00000022   Code   RO         1593    i.__NVIC_SetPriority  stm32h7xx_hal_cortex.o
    0x0800b052   0x0800b052   0x00000002   PAD
    0x0800b054   0x0800b054   0x00000074   Code   RO         8843    i.__hardfp_ceilf    m_wv.l(ceilf.o)
    0x0800b0c8   0x0800b0c8   0x00000150   Code   RO         8849    i.__hardfp_cosf     m_wv.l(cosf.o)
    0x0800b218   0x0800b218   0x00000048   Code   RO         8885    i.__hardfp_fmaxf    m_wv.l(fmaxf.o)
    0x0800b260   0x0800b260   0x00000048   Code   RO         8889    i.__hardfp_fminf    m_wv.l(fminf.o)
    0x0800b2a8   0x0800b2a8   0x00000194   Code   RO         8861    i.__hardfp_sinf     m_wv.l(sinf.o)
    0x0800b43c   0x0800b43c   0x0000003a   Code   RO         8873    i.__hardfp_sqrtf    m_wv.l(sqrtf.o)
    0x0800b476   0x0800b476   0x00000006   Code   RO         8908    i.__mathlib_flt_infnan  m_wv.l(funder.o)
    0x0800b47c   0x0800b47c   0x00000010   Code   RO         8910    i.__mathlib_flt_invalid  m_wv.l(funder.o)
    0x0800b48c   0x0800b48c   0x00000010   Code   RO         8913    i.__mathlib_flt_underflow  m_wv.l(funder.o)
    0x0800b49c   0x0800b49c   0x00000154   Code   RO         8921    i.__mathlib_rredf2  m_wv.l(rredf.o)
    0x0800b5f0   0x0800b5f0   0x0000003c   Code   RO         7528    i.crc32_core        crc.o
    0x0800b62c   0x0800b62c   0x00000016   Code   RO         7529    i.crc_ccitt         crc.o
    0x0800b642   0x0800b642   0x00000002   PAD
    0x0800b644   0x0800b644   0x00000014   Code   RO         7530    i.crc_ccitt_byte    crc.o
    0x0800b658   0x0800b658   0x00000006   Code   RO         7603    i.fabsf             action.o
    0x0800b65e   0x0800b65e   0x00000006   Code   RO         7978    i.fabsf             armtrajectory.o
    0x0800b664   0x0800b664   0x00000006   Code   RO         8444    i.fabsf             motor_comm_port.o
    0x0800b66a   0x0800b66a   0x00000002   PAD
    0x0800b66c   0x0800b66c   0x000000a8   Code   RO           16    i.main              main.o
    0x0800b714   0x0800b714   0x00000020   Code   RO         6367    i.osDelay           cmsis_os2.o
    0x0800b734   0x0800b734   0x00000032   Code   RO         6368    i.osDelayUntil      cmsis_os2.o
    0x0800b766   0x0800b766   0x00000018   Code   RO         6379    i.osKernelGetTickCount  cmsis_os2.o
    0x0800b77e   0x0800b77e   0x00000002   PAD
    0x0800b780   0x0800b780   0x00000030   Code   RO         6381    i.osKernelInitialize  cmsis_os2.o
    0x0800b7b0   0x0800b7b0   0x00000040   Code   RO         6384    i.osKernelStart     cmsis_os2.o
    0x0800b7f0   0x0800b7f0   0x00000074   Code   RO         6396    i.osMessageQueueGet  cmsis_os2.o
    0x0800b864   0x0800b864   0x00000062   Code   RO         6401    i.osMessageQueueNew  cmsis_os2.o
    0x0800b8c6   0x0800b8c6   0x00000002   PAD
    0x0800b8c8   0x0800b8c8   0x00000078   Code   RO         6402    i.osMessageQueuePut  cmsis_os2.o
    0x0800b940   0x0800b940   0x00000092   Code   RO         6426    i.osThreadNew       cmsis_os2.o
    0x0800b9d2   0x0800b9d2   0x00000002   PAD
    0x0800b9d4   0x0800b9d4   0x00000078   Code   RO         5805    i.prvAddCurrentTaskToDelayedList  tasks.o
    0x0800ba4c   0x0800ba4c   0x000000f0   Code   RO         5806    i.prvAddNewTaskToReadyList  tasks.o
    0x0800bb3c   0x0800bb3c   0x00000058   Code   RO         6176    i.prvCheckForValidListAndQueue  timers.o
    0x0800bb94   0x0800bb94   0x00000026   Code   RO         5378    i.prvCopyDataFromQueue  queue.o
    0x0800bbba   0x0800bbba   0x0000006c   Code   RO         5379    i.prvCopyDataToQueue  queue.o
    0x0800bc26   0x0800bc26   0x00000034   Code   RO         5807    i.prvDeleteTCB      tasks.o
    0x0800bc5a   0x0800bc5a   0x00000002   PAD
    0x0800bc5c   0x0800bc5c   0x00000048   Code   RO         6879    i.prvHeapInit       heap_4.o
    0x0800bca4   0x0800bca4   0x00000060   Code   RO         5808    i.prvIdleTask       tasks.o
    0x0800bd04   0x0800bd04   0x00000022   Code   RO         5381    i.prvInitialiseNewQueue  queue.o
    0x0800bd26   0x0800bd26   0x000000a6   Code   RO         5809    i.prvInitialiseNewTask  tasks.o
    0x0800bdcc   0x0800bdcc   0x0000004c   Code   RO         6880    i.prvInsertBlockIntoFreeList  heap_4.o
    0x0800be18   0x0800be18   0x0000003c   Code   RO         6178    i.prvInsertTimerInActiveList  timers.o
    0x0800be54   0x0800be54   0x0000001c   Code   RO         5382    i.prvIsQueueEmpty   queue.o
    0x0800be70   0x0800be70   0x00000040   Code   RO         6179    i.prvProcessExpiredTimer  timers.o
    0x0800beb0   0x0800beb0   0x000000f0   Code   RO         6180    i.prvProcessReceivedCommands  timers.o
    0x0800bfa0   0x0800bfa0   0x0000006c   Code   RO         6181    i.prvProcessTimerOrBlockTask  timers.o
    0x0800c00c   0x0800c00c   0x00000028   Code   RO         6182    i.prvReloadTimer    timers.o
    0x0800c034   0x0800c034   0x0000001c   Code   RO         5811    i.prvResetNextTaskUnblockTime  tasks.o
    0x0800c050   0x0800c050   0x00000048   Code   RO         6183    i.prvSampleTimeNow  timers.o
    0x0800c098   0x0800c098   0x00000028   Code   RO         6941    i.prvTaskExitError  port.o
    0x0800c0c0   0x0800c0c0   0x00000024   Code   RO         6184    i.prvTimerTask      timers.o
    0x0800c0e4   0x0800c0e4   0x0000006a   Code   RO         5383    i.prvUnlockQueue    queue.o
    0x0800c14e   0x0800c14e   0x00000002   PAD
    0x0800c150   0x0800c150   0x000000d0   Code   RO         6882    i.pvPortMalloc      heap_4.o
    0x0800c220   0x0800c220   0x00000030   Code   RO         6942    i.pxPortInitialiseStack  port.o
    0x0800c250   0x0800c250   0x00000026   Code   RO         5338    i.uxListRemove      list.o
    0x0800c276   0x0800c276   0x00000002   PAD
    0x0800c278   0x0800c278   0x0000000c   Code   RO         5817    i.uxTaskGetNumberOfTasks  tasks.o
    0x0800c284   0x0800c284   0x00000018   Code   RO         6438    i.vApplicationGetIdleTaskMemory  cmsis_os2.o
    0x0800c29c   0x0800c29c   0x00000018   Code   RO         6439    i.vApplicationGetTimerTaskMemory  cmsis_os2.o
    0x0800c2b4   0x0800c2b4   0x00000016   Code   RO         5339    i.vListInitialise   list.o
    0x0800c2ca   0x0800c2ca   0x00000006   Code   RO         5340    i.vListInitialiseItem  list.o
    0x0800c2d0   0x0800c2d0   0x00000030   Code   RO         5341    i.vListInsert       list.o
    0x0800c300   0x0800c300   0x00000040   Code   RO         6944    i.vPortEnterCritical  port.o
    0x0800c340   0x0800c340   0x00000028   Code   RO         6945    i.vPortExitCritical  port.o
    0x0800c368   0x0800c368   0x00000064   Code   RO         6883    i.vPortFree         heap_4.o
    0x0800c3cc   0x0800c3cc   0x00000024   Code   RO         6946    i.vPortSetupTimerInterrupt  port.o
    0x0800c3f0   0x0800c3f0   0x00000054   Code   RO         6947    i.vPortValidateInterruptPriority  port.o
    0x0800c444   0x0800c444   0x00000050   Code   RO         5391    i.vQueueAddToRegistry  queue.o
    0x0800c494   0x0800c494   0x00000044   Code   RO         5395    i.vQueueWaitForMessageRestricted  queue.o
    0x0800c4d8   0x0800c4d8   0x0000004c   Code   RO         5824    i.vTaskDelay        tasks.o
    0x0800c524   0x0800c524   0x00000010   Code   RO         5829    i.vTaskInternalSetTimeOutState  tasks.o
    0x0800c534   0x0800c534   0x0000000c   Code   RO         5830    i.vTaskMissedYield  tasks.o
    0x0800c540   0x0800c540   0x00000030   Code   RO         5831    i.vTaskPlaceOnEventList  tasks.o
    0x0800c570   0x0800c570   0x00000050   Code   RO         5832    i.vTaskPlaceOnEventListRestricted  tasks.o
    0x0800c5c0   0x0800c5c0   0x00000084   Code   RO         5840    i.vTaskStartScheduler  tasks.o
    0x0800c644   0x0800c644   0x00000010   Code   RO         5842    i.vTaskSuspendAll   tasks.o
    0x0800c654   0x0800c654   0x00000064   Code   RO         5843    i.vTaskSwitchContext  tasks.o
    0x0800c6b8   0x0800c6b8   0x00000100   Code   RO         6948    i.xPortStartScheduler  port.o
    0x0800c7b8   0x0800c7b8   0x0000002c   Code   RO         6949    i.xPortSysTickHandler  port.o
    0x0800c7e4   0x0800c7e4   0x00000054   Code   RO         5400    i.xQueueGenericCreate  queue.o
    0x0800c838   0x0800c838   0x00000046   Code   RO         5401    i.xQueueGenericCreateStatic  queue.o
    0x0800c87e   0x0800c87e   0x00000002   PAD
    0x0800c880   0x0800c880   0x000000bc   Code   RO         5403    i.xQueueGenericReset  queue.o
    0x0800c93c   0x0800c93c   0x00000160   Code   RO         5404    i.xQueueGenericSend  queue.o
    0x0800ca9c   0x0800ca9c   0x000000da   Code   RO         5405    i.xQueueGenericSendFromISR  queue.o
    0x0800cb76   0x0800cb76   0x00000002   PAD
    0x0800cb78   0x0800cb78   0x0000013c   Code   RO         5414    i.xQueueReceive     queue.o
    0x0800ccb4   0x0800ccb4   0x000000b8   Code   RO         5415    i.xQueueReceiveFromISR  queue.o
    0x0800cd6c   0x0800cd6c   0x00000074   Code   RO         5845    i.xTaskCheckForTimeOut  tasks.o
    0x0800cde0   0x0800cde0   0x00000060   Code   RO         5846    i.xTaskCreate       tasks.o
    0x0800ce40   0x0800ce40   0x00000072   Code   RO         5847    i.xTaskCreateStatic  tasks.o
    0x0800ceb2   0x0800ceb2   0x00000002   PAD
    0x0800ceb4   0x0800ceb4   0x00000094   Code   RO         5848    i.xTaskDelayUntil   tasks.o
    0x0800cf48   0x0800cf48   0x0000001c   Code   RO         5854    i.xTaskGetSchedulerState  tasks.o
    0x0800cf64   0x0800cf64   0x0000000c   Code   RO         5856    i.xTaskGetTickCount  tasks.o
    0x0800cf70   0x0800cf70   0x00000010   Code   RO         5857    i.xTaskGetTickCountFromISR  tasks.o
    0x0800cf80   0x0800cf80   0x00000130   Code   RO         5858    i.xTaskIncrementTick  tasks.o
    0x0800d0b0   0x0800d0b0   0x000000a8   Code   RO         5859    i.xTaskPriorityDisinherit  tasks.o
    0x0800d158   0x0800d158   0x000000dc   Code   RO         5861    i.xTaskRemoveFromEventList  tasks.o
    0x0800d234   0x0800d234   0x00000140   Code   RO         5862    i.xTaskResumeAll    tasks.o
    0x0800d374   0x0800d374   0x00000060   Code   RO         6193    i.xTimerCreateTimerTask  timers.o
    0x0800d3d4   0x0800d3d4   0x00000052   Code   RO         8900    x$fpl$fcmp4         fz_wv.l(fcmp4.o)
    0x0800d426   0x0800d426   0x00000018   Code   RO         8946    x$fpl$fcmpinf       fz_wv.l(fcmpi.o)
    0x0800d43e   0x0800d43e   0x0000008c   Code   RO         8948    x$fpl$fnaninf       fz_wv.l(fnaninf.o)
    0x0800d4ca   0x0800d4ca   0x0000000a   Code   RO         9035    x$fpl$fpinit        fz_wv.l(fpinit.o)
    0x0800d4d4   0x0800d4d4   0x00000000   Code   RO         8904    x$fpl$usenofp       fz_wv.l(usenofp.o)
    0x0800d4d4   0x0800d4d4   0x00000090   Data   RO          291    .constdata          freertos.o
    0x0800d564   0x0800d564   0x0000005c   Data   RO         1825    .constdata          stm32h7xx_hal_fdcan.o
    0x0800d5c0   0x0800d5c0   0x00000018   Data   RO         4671    .constdata          stm32h7xx_hal_uart.o
    0x0800d5d8   0x0800d5d8   0x00000010   Data   RO         5037    .constdata          stm32h7xx_hal_uart_ex.o
    0x0800d5e8   0x0800d5e8   0x00000010   Data   RO         5143    .constdata          system_stm32h7xx.o
    0x0800d5f8   0x0800d5f8   0x00000120   Data   RO         7088    .constdata          dm_motor.o
    0x0800d718   0x0800d718   0x00000200   Data   RO         7531    .constdata          crc.o
    0x0800d918   0x0800d918   0x000000ac   Data   RO         7604    .constdata          action.o
    0x0800d9c4   0x0800d9c4   0x000002b0   Data   RO         7605    .constdata          action.o
    0x0800dc74   0x0800dc74   0x00000004   Data   RO         7606    .constdata          action.o
    0x0800dc78   0x0800dc78   0x00000048   Data   RO         7607    .constdata          action.o
    0x0800dcc0   0x0800dcc0   0x00000018   Data   RO         7608    .constdata          action.o
    0x0800dcd8   0x0800dcd8   0x00000008   Data   RO         7609    .constdata          action.o
    0x0800dce0   0x0800dce0   0x00000030   Data   RO         7864    .constdata          arm2r.o
    0x0800dd10   0x0800dd10   0x00000020   Data   RO         8922    .constdata          m_wv.l(rredf.o)
    0x0800dd30   0x0800dd30   0x00000027   Data   RO          292    .conststring        freertos.o
    0x0800dd57   0x0800dd57   0x00000001   PAD
    0x0800dd58   0x0800dd58   0x00000005   Data   RO         7610    .conststring        action.o
    0x0800dd5d   0x0800dd5d   0x00000003   PAD
    0x0800dd60   0x0800dd60   0x00000009   Data   RO         7611    .conststring        action.o
    0x0800dd69   0x0800dd69   0x00000003   PAD
    0x0800dd6c   0x0800dd6c   0x00000004   Data   RO         7612    .conststring        action.o
    0x0800dd70   0x0800dd70   0x00000020   Data   RO         9093    Region$$Table       anon$$obj.o


    Execution Region RW_IRAM1 (Exec base: 0x20000000, Load base: 0x0800dd90, Size: 0x00000000, Max: 0x00020000, ABSOLUTE)

    **** No section assigned to this execution region ****


    Execution Region RW_IRAM2 (Exec base: 0x24000000, Load base: 0x0800dd90, Size: 0x00012308, Max: 0x00080000, ABSOLUTE, COMPRESSED[0x00000068])

    Exec Addr    Load Addr    Size         Type   Attr      Idx    E Section Name        Object

    0x24000000   COMPRESSED   0x00000010   Data   RW          293    .data               freertos.o
    0x24000010   COMPRESSED   0x0000000c   Data   RW         3740    .data               stm32h7xx_hal.o
    0x2400001c   COMPRESSED   0x00000008   Data   RW         5144    .data               system_stm32h7xx.o
    0x24000024   COMPRESSED   0x00000040   Data   RW         5865    .data               tasks.o
    0x24000064   COMPRESSED   0x00000014   Data   RW         6204    .data               timers.o
    0x24000078   COMPRESSED   0x00000004   Data   RW         6441    .data               cmsis_os2.o
    0x2400007c   COMPRESSED   0x0000001c   Data   RW         6889    .data               heap_4.o
    0x24000098   COMPRESSED   0x0000000c   Data   RW         6950    .data               port.o
    0x240000a4   COMPRESSED   0x00000568   Data   RW         7613    .data               action.o
    0x2400060c   COMPRESSED   0x000000b8   Data   RW         7614    .data               action.o
    0x240006c4   COMPRESSED   0x00000008   Data   RW         7615    .data               action.o
    0x240006cc   COMPRESSED   0x0000002c   Data   RW         8120    .data               fdcan_basic.o
    0x240006f8   COMPRESSED   0x0000011c   Data   RW         8367    .data               damiao_comm_port.o
    0x24000814   COMPRESSED   0x0000001c   Data   RW         8446    .data               motor_comm_port.o
    0x24000830   COMPRESSED   0x00000020   Data   RW         8532    .data               myactuator_comm_port.o
    0x24000850   COMPRESSED   0x00000024   Data   RW         8604    .data               robstride_comm_port.o
    0x24000874   COMPRESSED   0x00000010   Data   RW         8674    .data               task.o
    0x24000884        -       0x000000a0   Zero   RW          345    .bss                fdcan.o
    0x24000924        -       0x00000094   Zero   RW          387    .bss                usart.o
    0x240009b8        -       0x0000004c   Zero   RW          529    .bss                stm32h7xx_hal_timebase_tim.o
    0x24000a04        -       0x00000040   Zero   RW         5418    .bss                queue.o
    0x24000a44        -       0x000004c4   Zero   RW         5864    .bss                tasks.o
    0x24000f08        -       0x00000118   Zero   RW         6203    .bss                timers.o
    0x24001020        -       0x000006b8   Zero   RW         6440    .bss                cmsis_os2.o
    0x240016d8        -       0x00010000   Zero   RW         6888    .bss                heap_4.o
    0x240116d8        -       0x00000140   Zero   RW         7730    .bss                action_lib.o
    0x24011818        -       0x00000080   Zero   RW         8310    .bss                fdcan_rxdispatcher.o
    0x24011898   COMPRESSED   0x00000008   PAD
    0x240118a0        -       0x000002b0   Zero   RW         8445    .bss                motor_comm_port.o
    0x24011b50        -       0x00000048   Zero   RW         8531    .bss                myactuator_comm_port.o
    0x24011b98        -       0x000000f0   Zero   RW         8603    .bss                robstride_comm_port.o
    0x24011c88        -       0x00000020   Zero   RW         8741    .bss                com_uart.o
    0x24011ca8        -       0x00000060   Zero   RW         8951    .bss                c_w.l(libspace.o)
    0x24011d08        -       0x00000200   Zero   RW            2    HEAP                startup_stm32h743xx.o
    0x24011f08        -       0x00000400   Zero   RW            1    STACK               startup_stm32h743xx.o


==============================================================================

Image component sizes


      Code (inc. data)   RO Data    RW Data    ZI Data      Debug   Object Name

      1966        158        986       1576          0      25183   action.o
      2062         26          0          0        320      23274   action_lib.o
      1806         62         48          0          0      11289   arm2r.o
      3270        336          0          0          0      23083   armtrajectory.o
       810         32          0          4       1720      74817   cmsis_os2.o
       634         10          0          0         32       6230   com_uart.o
       102          8        512          0          0       2512   crc.o
      1190         50          0        284          0      11802   damiao_comm_port.o
      1866         66        288          0          0      14335   dm_motor.o
         0          0          0          0          0      24116   event_groups.o
       280         22          0          0        160       1843   fdcan.o
       470         30          0         44          0       9718   fdcan_basic.o
       408         22          0          0        128       4957   fdcan_rxdispatcher.o
       128         26        183         16          0       5626   freertos.o
        60          6          0          0          0        887   gpio.o
       456         22          0         28      65536       5491   heap_4.o
       114          0          0          0          0       3005   list.o
       360         20          0          0          0    1362063   main.o
       862         98          0         28        688       9436   motor_comm_port.o
         0          0          0          0          0       2616   mpu_wrappers_v2.o
       762         88          0         32         72       6203   myactuator_comm_port.o
      1386         92          0          0          0      11446   myactuator_motor.o
       600         12          0          0          0       4487   pid.o
       802         84          0         12          0      11505   port.o
      1874         24          0          0         64      20901   queue.o
       806         46          0         36        240       6148   robstride_comm_port.o
      1982         78          0          0          0      12536   robstride_motor.o
        72         30        664          0       1536        816   startup_stm32h743xx.o
       132         32          0         12          0      21945   stm32h7xx_hal.o
       316         28          0          0          0      39940   stm32h7xx_hal_cortex.o
      2620        136          0          0          0       6425   stm32h7xx_hal_dma.o
      2940         50         92          0          0      22146   stm32h7xx_hal_fdcan.o
       564         50          0          0          0       1616   stm32h7xx_hal_gpio.o
        36          4          0          0          0        890   stm32h7xx_hal_msp.o
        84          6          0          0          0        761   stm32h7xx_hal_pwr_ex.o
      2558        110          0          0          0       7665   stm32h7xx_hal_rcc.o
      3736        118          0          0          0       7689   stm32h7xx_hal_rcc_ex.o
       780         68          0          0          0       7036   stm32h7xx_hal_tim.o
         6          0          0          0          0       2204   stm32h7xx_hal_tim_ex.o
       140         20          0          0         76       1515   stm32h7xx_hal_timebase_tim.o
      4670        206         24          0          0      39266   stm32h7xx_hal_uart.o
       580         10         16          0          0       7867   stm32h7xx_hal_uart_ex.o
        48         18          0          0          0       3923   stm32h7xx_it.o
         0          0          0          0          0        424   stream_buffer.o
       276         48         16          8          0       1909   system_stm32h7xx.o
       732         36          0         16          0       8575   task.o
      2736        192          0         64       1220      32436   tasks.o
       804         82          0         20        280      33150   timers.o
      1638         56          0          0          0      34365   unitree_motor.o
       348         24          0          0        148       1898   usart.o

    ----------------------------------------------------------------------
     50970       2742       2868       2180      72228    1979970   Object Totals
         0          0         32          0          0          0   (incl. Generated)
        98          0          7          0          8          0   (incl. Padding)

    ----------------------------------------------------------------------

      Code (inc. data)   RO Data    RW Data    ZI Data      Debug   Library Member Name

        90          0          0          0          0          0   __dczerorl2.o
         8          0          0          0          0         68   __main.o
         0          0          0          0          0          0   __rtentry.o
        12          0          0          0          0          0   __rtentry2.o
         6          0          0          0          0          0   __rtentry4.o
        52          8          0          0          0          0   __scatter.o
        28          0          0          0          0          0   __scatter_zi.o
        22          0          0          0          0        100   _rserrno.o
        16          0          0          0          0         68   aeabi_memset.o
        18          0          0          0          0         80   exit.o
         6          0          0          0          0        152   heapauxi.o
         0          0          0          0          0          0   indicate_semi.o
         2          0          0          0          0          0   libinit.o
         6          0          0          0          0          0   libinit2.o
         2          0          0          0          0          0   libshutdown.o
         2          0          0          0          0          0   libshutdown2.o
         8          4          0          0         96         68   libspace.o
       238          0          0          0          0        100   lludivv7m.o
         8          4          0          0          0         68   rt_errno_addr_intlibspace.o
        68          0          0          0          0         68   rt_memclr.o
        78          0          0          0          0         80   rt_memclr_w.o
       138          0          0          0          0         68   rt_memcpy_v6.o
       100          0          0          0          0         80   rt_memcpy_w.o
         2          0          0          0          0          0   rtexit.o
        10          0          0          0          0          0   rtexit2.o
       104          0          0          0          0         68   strcmpv7m_pel.o
        12          4          0          0          0         68   sys_exit.o
        74          0          0          0          0         80   sys_stackheap_outer.o
         2          0          0          0          0         68   use_no_semi.o
        82          4          0          0          0        160   fcmp4.o
        24          0          0          0          0        116   fcmpi.o
       140          4          0          0          0        132   fnaninf.o
        10          0          0          0          0        116   fpinit.o
         0          0          0          0          0          0   usenofp.o
       116         14          0          0          0        116   ceilf.o
       336         60          0          0          0        136   cosf.o
        72          0          0          0          0        148   fmaxf.o
        72          0          0          0          0        148   fminf.o
        38          0          0          0          0        116   fpclassifyf.o
        38         12          0          0          0        348   funder.o
       340         24         32          0          0        160   rredf.o
       404         60          0          0          0        212   sinf.o
        58          0          0          0          0        136   sqrtf.o

    ----------------------------------------------------------------------
      2850        198         32          0         96       3328   Library Totals
         8          0          0          0          0          0   (incl. Padding)

    ----------------------------------------------------------------------

      Code (inc. data)   RO Data    RW Data    ZI Data      Debug   Library Name

      1112         20          0          0         96       1284   c_w.l
       256          8          0          0          0        524   fz_wv.l
      1474        170         32          0          0       1520   m_wv.l

    ----------------------------------------------------------------------
      2850        198         32          0         96       3328   Library Totals

    ----------------------------------------------------------------------

==============================================================================


      Code (inc. data)   RO Data    RW Data    ZI Data      Debug   

     53820       2940       2900       2180      72324    1943374   Grand Totals
     53820       2940       2900        104      72324    1943374   ELF Image Totals (compressed)
     53820       2940       2900        104          0          0   ROM Totals

==============================================================================

    Total RO  Size (Code + RO Data)                56720 (  55.39kB)
    Total RW  Size (RW Data + ZI Data)             74504 (  72.76kB)
    Total ROM Size (Code + RO Data + RW Data)      56824 (  55.49kB)

==============================================================================

